------------------------------------------------------------
TimeQuest Timing Analyzer Summary
------------------------------------------------------------

Type  : Slow 1100mV 85C Model Setup 'USB_IFCLK'
Slack : -5.696
TNS   : -160.735

Type  : Slow 1100mV 85C Model Setup 'ACC_main:inst|Clock_Manager:xCLOCKS|pll_block:xPLL_BLOCK|pll_block_0002:pll_block_inst|altera_pll:altera_pll_i|outclk_wire[0]'
Slack : -4.720
TNS   : -1544.361

Type  : Slow 1100mV 85C Model Setup 'ACC_main:inst|transceivers:\ACDCintercom0:1:xTRANSCEIVERS|lvds_transceivers:xlvds_transceivers|altlvds_rx0:inst|altlvds_rx:ALTLVDS_RX_component|altlvds_rx0_lvds_rx1:auto_generated|wire_pll_sclk_outclk'
Slack : -3.747
TNS   : -63.287

Type  : Slow 1100mV 85C Model Setup 'ACC_main:inst|transceivers:\ACDCintercom0:2:xTRANSCEIVERS|lvds_transceivers:xlvds_transceivers|altlvds_rx0:inst|altlvds_rx:ALTLVDS_RX_component|altlvds_rx0_lvds_rx1:auto_generated|wire_pll_sclk_outclk'
Slack : -3.595
TNS   : -61.470

Type  : Slow 1100mV 85C Model Setup 'ACC_main:inst|transceivers:\ACDCintercom0:0:xTRANSCEIVERS|lvds_transceivers:xlvds_transceivers|altlvds_rx0:inst|altlvds_rx:ALTLVDS_RX_component|altlvds_rx0_lvds_rx1:auto_generated|wire_pll_sclk_outclk'
Slack : -3.494
TNS   : -62.084

Type  : Slow 1100mV 85C Model Setup 'ACC_main:inst|transceivers:\ACDCintercom0:3:xTRANSCEIVERS|lvds_transceivers:xlvds_transceivers|altlvds_rx0:inst|altlvds_rx:ALTLVDS_RX_component|altlvds_rx0_lvds_rx1:auto_generated|wire_pll_sclk_outclk'
Slack : -3.440
TNS   : -59.552

Type  : Slow 1100mV 85C Model Setup 'ACC_main:inst|Clock_Manager:xCLOCKS|pll_block:xPLL_BLOCK|pll_block_0002:pll_block_inst|altera_pll:altera_pll_i|outclk_wire[2]'
Slack : 1.110
TNS   : 0.000

Type  : Slow 1100mV 85C Model Setup 'altera_reserved_tck'
Slack : 9.357
TNS   : 0.000

Type  : Slow 1100mV 85C Model Setup 'ACC_main:inst|Clock_Manager:xCLOCKS|pll_block_transceivers:xPLL_BLOCK_3|pll_block_transceivers_0002:pll_block_transceivers_inst|altera_pll:altera_pll_i|outclk_wire[0]'
Slack : 9.999
TNS   : 0.000

Type  : Slow 1100mV 85C Model Setup 'ACC_main:inst|transceivers:\ACDCintercom0:4:xTRANSCEIVERS|lvds_transceivers:xlvds_transceivers|altlvds_rx0:inst|altlvds_rx:ALTLVDS_RX_component|altlvds_rx0_lvds_rx1:auto_generated|wire_pll_fclk_outclk'
Slack : 11.697
TNS   : 0.000

Type  : Slow 1100mV 85C Model Setup 'ACC_main:inst|Clock_Manager:xCLOCKS|pll_block_transceivers:xPLL_BLOCK_2|pll_block_transceivers_0002:pll_block_transceivers_inst|altera_pll:altera_pll_i|outclk_wire[0]'
Slack : 17.230
TNS   : 0.000

Type  : Slow 1100mV 85C Model Setup 'ACC_main:inst|transceivers:\ACDCintercom0:0:xTRANSCEIVERS|lvds_transceivers:xlvds_transceivers|altlvds_rx0:inst|altlvds_rx:ALTLVDS_RX_component|altlvds_rx0_lvds_rx1:auto_generated|wire_pll_fclk_outclk'
Slack : 20.722
TNS   : 0.000

Type  : Slow 1100mV 85C Model Setup 'ACC_main:inst|transceivers:\ACDCintercom0:4:xTRANSCEIVERS|lvds_transceivers:xlvds_transceivers|altlvds_rx0:inst|altlvds_rx:ALTLVDS_RX_component|altlvds_rx0_lvds_rx1:auto_generated|wire_pll_sclk_outclk'
Slack : 23.408
TNS   : 0.000

Type  : Slow 1100mV 85C Model Setup 'ACC_main:inst|transceivers:\ACDCintercom0:7:xTRANSCEIVERS|lvds_transceivers:xlvds_transceivers|altlvds_rx0:inst|altlvds_rx:ALTLVDS_RX_component|altlvds_rx0_lvds_rx1:auto_generated|wire_pll_sclk_outclk'
Slack : 24.037
TNS   : 0.000

Type  : Slow 1100mV 85C Model Setup 'ACC_main:inst|transceivers:\ACDCintercom0:6:xTRANSCEIVERS|lvds_transceivers:xlvds_transceivers|altlvds_rx0:inst|altlvds_rx:ALTLVDS_RX_component|altlvds_rx0_lvds_rx1:auto_generated|wire_pll_sclk_outclk'
Slack : 24.302
TNS   : 0.000

Type  : Slow 1100mV 85C Model Setup 'ACC_main:inst|transceivers:\ACDCintercom0:5:xTRANSCEIVERS|lvds_transceivers:xlvds_transceivers|altlvds_rx0:inst|altlvds_rx:ALTLVDS_RX_component|altlvds_rx0_lvds_rx1:auto_generated|wire_pll_sclk_outclk'
Slack : 27.442
TNS   : 0.000

Type  : Slow 1100mV 85C Model Setup 'ACC_main:inst|Clock_Manager:xCLOCKS|pll_block:xPLL_BLOCK|pll_block_0002:pll_block_inst|altera_pll:altera_pll_i|outclk_wire[1]'
Slack : 995.098
TNS   : 0.000

Type  : Slow 1100mV 85C Model Hold 'ACC_main:inst|Clock_Manager:xCLOCKS|pll_block:xPLL_BLOCK|pll_block_0002:pll_block_inst|altera_pll:altera_pll_i|outclk_wire[0]'
Slack : 0.193
TNS   : 0.000

Type  : Slow 1100mV 85C Model Hold 'USB_IFCLK'
Slack : 0.254
TNS   : 0.000

Type  : Slow 1100mV 85C Model Hold 'ACC_main:inst|Clock_Manager:xCLOCKS|pll_block:xPLL_BLOCK|pll_block_0002:pll_block_inst|altera_pll:altera_pll_i|outclk_wire[1]'
Slack : 0.276
TNS   : 0.000

Type  : Slow 1100mV 85C Model Hold 'ACC_main:inst|transceivers:\ACDCintercom0:2:xTRANSCEIVERS|lvds_transceivers:xlvds_transceivers|altlvds_rx0:inst|altlvds_rx:ALTLVDS_RX_component|altlvds_rx0_lvds_rx1:auto_generated|wire_pll_sclk_outclk'
Slack : 0.291
TNS   : 0.000

Type  : Slow 1100mV 85C Model Hold 'ACC_main:inst|transceivers:\ACDCintercom0:3:xTRANSCEIVERS|lvds_transceivers:xlvds_transceivers|altlvds_rx0:inst|altlvds_rx:ALTLVDS_RX_component|altlvds_rx0_lvds_rx1:auto_generated|wire_pll_sclk_outclk'
Slack : 0.291
TNS   : 0.000

Type  : Slow 1100mV 85C Model Hold 'ACC_main:inst|transceivers:\ACDCintercom0:0:xTRANSCEIVERS|lvds_transceivers:xlvds_transceivers|altlvds_rx0:inst|altlvds_rx:ALTLVDS_RX_component|altlvds_rx0_lvds_rx1:auto_generated|wire_pll_sclk_outclk'
Slack : 0.294
TNS   : 0.000

Type  : Slow 1100mV 85C Model Hold 'ACC_main:inst|transceivers:\ACDCintercom0:1:xTRANSCEIVERS|lvds_transceivers:xlvds_transceivers|altlvds_rx0:inst|altlvds_rx:ALTLVDS_RX_component|altlvds_rx0_lvds_rx1:auto_generated|wire_pll_sclk_outclk'
Slack : 0.295
TNS   : 0.000

Type  : Slow 1100mV 85C Model Hold 'ACC_main:inst|transceivers:\ACDCintercom0:7:xTRANSCEIVERS|lvds_transceivers:xlvds_transceivers|altlvds_rx0:inst|altlvds_rx:ALTLVDS_RX_component|altlvds_rx0_lvds_rx1:auto_generated|wire_pll_sclk_outclk'
Slack : 0.297
TNS   : 0.000

Type  : Slow 1100mV 85C Model Hold 'ACC_main:inst|transceivers:\ACDCintercom0:5:xTRANSCEIVERS|lvds_transceivers:xlvds_transceivers|altlvds_rx0:inst|altlvds_rx:ALTLVDS_RX_component|altlvds_rx0_lvds_rx1:auto_generated|wire_pll_sclk_outclk'
Slack : 0.305
TNS   : 0.000

Type  : Slow 1100mV 85C Model Hold 'ACC_main:inst|transceivers:\ACDCintercom0:4:xTRANSCEIVERS|lvds_transceivers:xlvds_transceivers|altlvds_rx0:inst|altlvds_rx:ALTLVDS_RX_component|altlvds_rx0_lvds_rx1:auto_generated|wire_pll_sclk_outclk'
Slack : 0.320
TNS   : 0.000

Type  : Slow 1100mV 85C Model Hold 'ACC_main:inst|Clock_Manager:xCLOCKS|pll_block:xPLL_BLOCK|pll_block_0002:pll_block_inst|altera_pll:altera_pll_i|outclk_wire[2]'
Slack : 0.340
TNS   : 0.000

Type  : Slow 1100mV 85C Model Hold 'ACC_main:inst|transceivers:\ACDCintercom0:6:xTRANSCEIVERS|lvds_transceivers:xlvds_transceivers|altlvds_rx0:inst|altlvds_rx:ALTLVDS_RX_component|altlvds_rx0_lvds_rx1:auto_generated|wire_pll_sclk_outclk'
Slack : 0.354
TNS   : 0.000

Type  : Slow 1100mV 85C Model Hold 'altera_reserved_tck'
Slack : 0.440
TNS   : 0.000

Type  : Slow 1100mV 85C Model Hold 'ACC_main:inst|transceivers:\ACDCintercom0:4:xTRANSCEIVERS|lvds_transceivers:xlvds_transceivers|altlvds_rx0:inst|altlvds_rx:ALTLVDS_RX_component|altlvds_rx0_lvds_rx1:auto_generated|wire_pll_fclk_outclk'
Slack : 6.110
TNS   : 0.000

Type  : Slow 1100mV 85C Model Hold 'ACC_main:inst|transceivers:\ACDCintercom0:0:xTRANSCEIVERS|lvds_transceivers:xlvds_transceivers|altlvds_rx0:inst|altlvds_rx:ALTLVDS_RX_component|altlvds_rx0_lvds_rx1:auto_generated|wire_pll_fclk_outclk'
Slack : 6.335
TNS   : 0.000

Type  : Slow 1100mV 85C Model Hold 'ACC_main:inst|Clock_Manager:xCLOCKS|pll_block_transceivers:xPLL_BLOCK_2|pll_block_transceivers_0002:pll_block_transceivers_inst|altera_pll:altera_pll_i|outclk_wire[0]'
Slack : 11.383
TNS   : 0.000

Type  : Slow 1100mV 85C Model Hold 'ACC_main:inst|Clock_Manager:xCLOCKS|pll_block_transceivers:xPLL_BLOCK_3|pll_block_transceivers_0002:pll_block_transceivers_inst|altera_pll:altera_pll_i|outclk_wire[0]'
Slack : 11.700
TNS   : 0.000

Type  : Slow 1100mV 85C Model Recovery 'ACC_main:inst|Clock_Manager:xCLOCKS|pll_block:xPLL_BLOCK|pll_block_0002:pll_block_inst|altera_pll:altera_pll_i|outclk_wire[2]'
Slack : -4.451
TNS   : -46.535

Type  : Slow 1100mV 85C Model Recovery 'ACC_main:inst|Clock_Manager:xCLOCKS|pll_block:xPLL_BLOCK|pll_block_0002:pll_block_inst|altera_pll:altera_pll_i|outclk_wire[0]'
Slack : -4.356
TNS   : -1187.612

Type  : Slow 1100mV 85C Model Recovery 'ACC_main:inst|transceivers:\ACDCintercom0:2:xTRANSCEIVERS|lvds_transceivers:xlvds_transceivers|altlvds_rx0:inst|altlvds_rx:ALTLVDS_RX_component|altlvds_rx0_lvds_rx1:auto_generated|wire_pll_sclk_outclk'
Slack : -3.905
TNS   : -246.079

Type  : Slow 1100mV 85C Model Recovery 'ACC_main:inst|transceivers:\ACDCintercom0:0:xTRANSCEIVERS|lvds_transceivers:xlvds_transceivers|altlvds_rx0:inst|altlvds_rx:ALTLVDS_RX_component|altlvds_rx0_lvds_rx1:auto_generated|wire_pll_sclk_outclk'
Slack : -3.826
TNS   : -273.112

Type  : Slow 1100mV 85C Model Recovery 'ACC_main:inst|transceivers:\ACDCintercom0:1:xTRANSCEIVERS|lvds_transceivers:xlvds_transceivers|altlvds_rx0:inst|altlvds_rx:ALTLVDS_RX_component|altlvds_rx0_lvds_rx1:auto_generated|wire_pll_sclk_outclk'
Slack : -3.684
TNS   : -237.456

Type  : Slow 1100mV 85C Model Recovery 'ACC_main:inst|transceivers:\ACDCintercom0:3:xTRANSCEIVERS|lvds_transceivers:xlvds_transceivers|altlvds_rx0:inst|altlvds_rx:ALTLVDS_RX_component|altlvds_rx0_lvds_rx1:auto_generated|wire_pll_sclk_outclk'
Slack : -3.676
TNS   : -243.289

Type  : Slow 1100mV 85C Model Recovery 'ACC_main:inst|transceivers:\ACDCintercom0:7:xTRANSCEIVERS|lvds_transceivers:xlvds_transceivers|altlvds_rx0:inst|altlvds_rx:ALTLVDS_RX_component|altlvds_rx0_lvds_rx1:auto_generated|wire_pll_sclk_outclk'
Slack : 2.509
TNS   : 0.000

Type  : Slow 1100mV 85C Model Recovery 'ACC_main:inst|transceivers:\ACDCintercom0:6:xTRANSCEIVERS|lvds_transceivers:xlvds_transceivers|altlvds_rx0:inst|altlvds_rx:ALTLVDS_RX_component|altlvds_rx0_lvds_rx1:auto_generated|wire_pll_sclk_outclk'
Slack : 2.540
TNS   : 0.000

Type  : Slow 1100mV 85C Model Recovery 'ACC_main:inst|transceivers:\ACDCintercom0:5:xTRANSCEIVERS|lvds_transceivers:xlvds_transceivers|altlvds_rx0:inst|altlvds_rx:ALTLVDS_RX_component|altlvds_rx0_lvds_rx1:auto_generated|wire_pll_sclk_outclk'
Slack : 2.766
TNS   : 0.000

Type  : Slow 1100mV 85C Model Recovery 'ACC_main:inst|transceivers:\ACDCintercom0:4:xTRANSCEIVERS|lvds_transceivers:xlvds_transceivers|altlvds_rx0:inst|altlvds_rx:ALTLVDS_RX_component|altlvds_rx0_lvds_rx1:auto_generated|wire_pll_sclk_outclk'
Slack : 2.874
TNS   : 0.000

Type  : Slow 1100mV 85C Model Recovery 'USB_IFCLK'
Slack : 9.824
TNS   : 0.000

Type  : Slow 1100mV 85C Model Recovery 'altera_reserved_tck'
Slack : 14.994
TNS   : 0.000

Type  : Slow 1100mV 85C Model Recovery 'ACC_main:inst|Clock_Manager:xCLOCKS|pll_block:xPLL_BLOCK|pll_block_0002:pll_block_inst|altera_pll:altera_pll_i|outclk_wire[1]'
Slack : 997.436
TNS   : 0.000

Type  : Slow 1100mV 85C Model Removal 'USB_IFCLK'
Slack : 0.587
TNS   : 0.000

Type  : Slow 1100mV 85C Model Removal 'ACC_main:inst|transceivers:\ACDCintercom0:0:xTRANSCEIVERS|lvds_transceivers:xlvds_transceivers|altlvds_rx0:inst|altlvds_rx:ALTLVDS_RX_component|altlvds_rx0_lvds_rx1:auto_generated|wire_pll_sclk_outclk'
Slack : 0.603
TNS   : 0.000

Type  : Slow 1100mV 85C Model Removal 'altera_reserved_tck'
Slack : 0.627
TNS   : 0.000

Type  : Slow 1100mV 85C Model Removal 'ACC_main:inst|transceivers:\ACDCintercom0:1:xTRANSCEIVERS|lvds_transceivers:xlvds_transceivers|altlvds_rx0:inst|altlvds_rx:ALTLVDS_RX_component|altlvds_rx0_lvds_rx1:auto_generated|wire_pll_sclk_outclk'
Slack : 0.695
TNS   : 0.000

Type  : Slow 1100mV 85C Model Removal 'ACC_main:inst|transceivers:\ACDCintercom0:3:xTRANSCEIVERS|lvds_transceivers:xlvds_transceivers|altlvds_rx0:inst|altlvds_rx:ALTLVDS_RX_component|altlvds_rx0_lvds_rx1:auto_generated|wire_pll_sclk_outclk'
Slack : 0.768
TNS   : 0.000

Type  : Slow 1100mV 85C Model Removal 'ACC_main:inst|transceivers:\ACDCintercom0:2:xTRANSCEIVERS|lvds_transceivers:xlvds_transceivers|altlvds_rx0:inst|altlvds_rx:ALTLVDS_RX_component|altlvds_rx0_lvds_rx1:auto_generated|wire_pll_sclk_outclk'
Slack : 0.772
TNS   : 0.000

Type  : Slow 1100mV 85C Model Removal 'ACC_main:inst|transceivers:\ACDCintercom0:4:xTRANSCEIVERS|lvds_transceivers:xlvds_transceivers|altlvds_rx0:inst|altlvds_rx:ALTLVDS_RX_component|altlvds_rx0_lvds_rx1:auto_generated|wire_pll_sclk_outclk'
Slack : 0.984
TNS   : 0.000

Type  : Slow 1100mV 85C Model Removal 'ACC_main:inst|Clock_Manager:xCLOCKS|pll_block:xPLL_BLOCK|pll_block_0002:pll_block_inst|altera_pll:altera_pll_i|outclk_wire[0]'
Slack : 1.000
TNS   : 0.000

Type  : Slow 1100mV 85C Model Removal 'ACC_main:inst|transceivers:\ACDCintercom0:7:xTRANSCEIVERS|lvds_transceivers:xlvds_transceivers|altlvds_rx0:inst|altlvds_rx:ALTLVDS_RX_component|altlvds_rx0_lvds_rx1:auto_generated|wire_pll_sclk_outclk'
Slack : 1.066
TNS   : 0.000

Type  : Slow 1100mV 85C Model Removal 'ACC_main:inst|transceivers:\ACDCintercom0:5:xTRANSCEIVERS|lvds_transceivers:xlvds_transceivers|altlvds_rx0:inst|altlvds_rx:ALTLVDS_RX_component|altlvds_rx0_lvds_rx1:auto_generated|wire_pll_sclk_outclk'
Slack : 1.106
TNS   : 0.000

Type  : Slow 1100mV 85C Model Removal 'ACC_main:inst|Clock_Manager:xCLOCKS|pll_block:xPLL_BLOCK|pll_block_0002:pll_block_inst|altera_pll:altera_pll_i|outclk_wire[2]'
Slack : 1.644
TNS   : 0.000

Type  : Slow 1100mV 85C Model Removal 'ACC_main:inst|transceivers:\ACDCintercom0:6:xTRANSCEIVERS|lvds_transceivers:xlvds_transceivers|altlvds_rx0:inst|altlvds_rx:ALTLVDS_RX_component|altlvds_rx0_lvds_rx1:auto_generated|wire_pll_sclk_outclk'
Slack : 1.783
TNS   : 0.000

Type  : Slow 1100mV 85C Model Removal 'ACC_main:inst|Clock_Manager:xCLOCKS|pll_block:xPLL_BLOCK|pll_block_0002:pll_block_inst|altera_pll:altera_pll_i|outclk_wire[1]'
Slack : 1.907
TNS   : 0.000

Type  : Slow 1100mV 85C Model Minimum Pulse Width 'ACC_main:inst|transceivers:\ACDCintercom0:0:xTRANSCEIVERS|lvds_transceivers:xlvds_transceivers|altlvds_rx0:inst|altlvds_rx:ALTLVDS_RX_component|altlvds_rx0_lvds_rx1:auto_generated|pll_sclk~FRACTIONAL_PLL_O_VCOPH0'
Slack : 0.995
TNS   : 0.000

Type  : Slow 1100mV 85C Model Minimum Pulse Width 'ACC_main:inst|transceivers:\ACDCintercom0:4:xTRANSCEIVERS|lvds_transceivers:xlvds_transceivers|altlvds_rx0:inst|altlvds_rx:ALTLVDS_RX_component|altlvds_rx0_lvds_rx1:auto_generated|pll_sclk~FRACTIONAL_PLL_O_VCOPH0'
Slack : 0.995
TNS   : 0.000

Type  : Slow 1100mV 85C Model Minimum Pulse Width 'ACC_main:inst|Clock_Manager:xCLOCKS|pll_block:xPLL_BLOCK|pll_block_0002:pll_block_inst|altera_pll:altera_pll_i|general[0].gpll~FRACTIONAL_PLL_O_VCOPH0'
Slack : 1.333
TNS   : 0.000

Type  : Slow 1100mV 85C Model Minimum Pulse Width 'ACC_main:inst|Clock_Manager:xCLOCKS|pll_block_transceivers:xPLL_BLOCK_2|pll_block_transceivers_0002:pll_block_transceivers_inst|altera_pll:altera_pll_i|general[0].gpll~FRACTIONAL_PLL_O_VCOPH0'
Slack : 1.600
TNS   : 0.000

Type  : Slow 1100mV 85C Model Minimum Pulse Width 'ACC_main:inst|Clock_Manager:xCLOCKS|pll_block_transceivers:xPLL_BLOCK_3|pll_block_transceivers_0002:pll_block_transceivers_inst|altera_pll:altera_pll_i|general[0].gpll~FRACTIONAL_PLL_O_VCOPH0'
Slack : 1.600
TNS   : 0.000

Type  : Slow 1100mV 85C Model Minimum Pulse Width 'ACC_main:inst|transceivers:\ACDCintercom0:4:xTRANSCEIVERS|lvds_transceivers:xlvds_transceivers|altlvds_rx0:inst|altlvds_rx:ALTLVDS_RX_component|altlvds_rx0_lvds_rx1:auto_generated|wire_pll_fclk_outclk'
Slack : 1.938
TNS   : 0.000

Type  : Slow 1100mV 85C Model Minimum Pulse Width 'ACC_main:inst|transceivers:\ACDCintercom0:0:xTRANSCEIVERS|lvds_transceivers:xlvds_transceivers|altlvds_rx0:inst|altlvds_rx:ALTLVDS_RX_component|altlvds_rx0_lvds_rx1:auto_generated|wire_pll_fclk_outclk'
Slack : 1.939
TNS   : 0.000

Type  : Slow 1100mV 85C Model Minimum Pulse Width 'ACC_main:inst|Clock_Manager:xCLOCKS|pll_block:xPLL_BLOCK|pll_block_0002:pll_block_inst|altera_pll:altera_pll_i|outclk_wire[2]'
Slack : 3.175
TNS   : 0.000

Type  : Slow 1100mV 85C Model Minimum Pulse Width 'CLOCKIN'
Slack : 3.981
TNS   : 0.000

Type  : Slow 1100mV 85C Model Minimum Pulse Width 'CLOCKIN1'
Slack : 3.988
TNS   : 0.000

Type  : Slow 1100mV 85C Model Minimum Pulse Width 'CLOCKIN2'
Slack : 3.988
TNS   : 0.000

Type  : Slow 1100mV 85C Model Minimum Pulse Width 'USB_IFCLK'
Slack : 9.545
TNS   : 0.000

Type  : Slow 1100mV 85C Model Minimum Pulse Width 'ACC_main:inst|transceivers:\ACDCintercom0:1:xTRANSCEIVERS|lvds_transceivers:xlvds_transceivers|altlvds_rx0:inst|altlvds_rx:ALTLVDS_RX_component|altlvds_rx0_lvds_rx1:auto_generated|wire_pll_sclk_outclk'
Slack : 14.947
TNS   : 0.000

Type  : Slow 1100mV 85C Model Minimum Pulse Width 'ACC_main:inst|transceivers:\ACDCintercom0:2:xTRANSCEIVERS|lvds_transceivers:xlvds_transceivers|altlvds_rx0:inst|altlvds_rx:ALTLVDS_RX_component|altlvds_rx0_lvds_rx1:auto_generated|wire_pll_sclk_outclk'
Slack : 14.949
TNS   : 0.000

Type  : Slow 1100mV 85C Model Minimum Pulse Width 'ACC_main:inst|transceivers:\ACDCintercom0:3:xTRANSCEIVERS|lvds_transceivers:xlvds_transceivers|altlvds_rx0:inst|altlvds_rx:ALTLVDS_RX_component|altlvds_rx0_lvds_rx1:auto_generated|wire_pll_sclk_outclk'
Slack : 14.950
TNS   : 0.000

Type  : Slow 1100mV 85C Model Minimum Pulse Width 'ACC_main:inst|transceivers:\ACDCintercom0:0:xTRANSCEIVERS|lvds_transceivers:xlvds_transceivers|altlvds_rx0:inst|altlvds_rx:ALTLVDS_RX_component|altlvds_rx0_lvds_rx1:auto_generated|wire_pll_sclk_outclk'
Slack : 14.951
TNS   : 0.000

Type  : Slow 1100mV 85C Model Minimum Pulse Width 'ACC_main:inst|Clock_Manager:xCLOCKS|pll_block:xPLL_BLOCK|pll_block_0002:pll_block_inst|altera_pll:altera_pll_i|outclk_wire[0]'
Slack : 15.164
TNS   : 0.000

Type  : Slow 1100mV 85C Model Minimum Pulse Width 'ACC_main:inst|transceivers:\ACDCintercom0:7:xTRANSCEIVERS|lvds_transceivers:xlvds_transceivers|altlvds_rx0:inst|altlvds_rx:ALTLVDS_RX_component|altlvds_rx0_lvds_rx1:auto_generated|wire_pll_sclk_outclk'
Slack : 15.271
TNS   : 0.000

Type  : Slow 1100mV 85C Model Minimum Pulse Width 'ACC_main:inst|transceivers:\ACDCintercom0:4:xTRANSCEIVERS|lvds_transceivers:xlvds_transceivers|altlvds_rx0:inst|altlvds_rx:ALTLVDS_RX_component|altlvds_rx0_lvds_rx1:auto_generated|wire_pll_sclk_outclk'
Slack : 15.274
TNS   : 0.000

Type  : Slow 1100mV 85C Model Minimum Pulse Width 'ACC_main:inst|transceivers:\ACDCintercom0:6:xTRANSCEIVERS|lvds_transceivers:xlvds_transceivers|altlvds_rx0:inst|altlvds_rx:ALTLVDS_RX_component|altlvds_rx0_lvds_rx1:auto_generated|wire_pll_sclk_outclk'
Slack : 15.279
TNS   : 0.000

Type  : Slow 1100mV 85C Model Minimum Pulse Width 'ACC_main:inst|transceivers:\ACDCintercom0:5:xTRANSCEIVERS|lvds_transceivers:xlvds_transceivers|altlvds_rx0:inst|altlvds_rx:ALTLVDS_RX_component|altlvds_rx0_lvds_rx1:auto_generated|wire_pll_sclk_outclk'
Slack : 15.281
TNS   : 0.000

Type  : Slow 1100mV 85C Model Minimum Pulse Width 'ACC_main:inst|Clock_Manager:xCLOCKS|pll_block_transceivers:xPLL_BLOCK_2|pll_block_transceivers_0002:pll_block_transceivers_inst|altera_pll:altera_pll_i|outclk_wire[0]'
Slack : 15.301
TNS   : 0.000

Type  : Slow 1100mV 85C Model Minimum Pulse Width 'ACC_main:inst|Clock_Manager:xCLOCKS|pll_block_transceivers:xPLL_BLOCK_3|pll_block_transceivers_0002:pll_block_transceivers_inst|altera_pll:altera_pll_i|outclk_wire[0]'
Slack : 15.313
TNS   : 0.000

Type  : Slow 1100mV 85C Model Minimum Pulse Width 'altera_reserved_tck'
Slack : 15.538
TNS   : 0.000

Type  : Slow 1100mV 85C Model Minimum Pulse Width 'ACC_main:inst|Clock_Manager:xCLOCKS|pll_block:xPLL_BLOCK|pll_block_0002:pll_block_inst|altera_pll:altera_pll_i|outclk_wire[1]'
Slack : 499.311
TNS   : 0.000

Type  : Slow 1100mV 0C Model Setup 'USB_IFCLK'
Slack : -5.396
TNS   : -150.856

Type  : Slow 1100mV 0C Model Setup 'ACC_main:inst|Clock_Manager:xCLOCKS|pll_block:xPLL_BLOCK|pll_block_0002:pll_block_inst|altera_pll:altera_pll_i|outclk_wire[0]'
Slack : -4.488
TNS   : -1474.154

Type  : Slow 1100mV 0C Model Setup 'ACC_main:inst|transceivers:\ACDCintercom0:1:xTRANSCEIVERS|lvds_transceivers:xlvds_transceivers|altlvds_rx0:inst|altlvds_rx:ALTLVDS_RX_component|altlvds_rx0_lvds_rx1:auto_generated|wire_pll_sclk_outclk'
Slack : -3.501
TNS   : -57.490

Type  : Slow 1100mV 0C Model Setup 'ACC_main:inst|transceivers:\ACDCintercom0:2:xTRANSCEIVERS|lvds_transceivers:xlvds_transceivers|altlvds_rx0:inst|altlvds_rx:ALTLVDS_RX_component|altlvds_rx0_lvds_rx1:auto_generated|wire_pll_sclk_outclk'
Slack : -3.418
TNS   : -56.922

Type  : Slow 1100mV 0C Model Setup 'ACC_main:inst|transceivers:\ACDCintercom0:0:xTRANSCEIVERS|lvds_transceivers:xlvds_transceivers|altlvds_rx0:inst|altlvds_rx:ALTLVDS_RX_component|altlvds_rx0_lvds_rx1:auto_generated|wire_pll_sclk_outclk'
Slack : -3.316
TNS   : -56.518

Type  : Slow 1100mV 0C Model Setup 'ACC_main:inst|transceivers:\ACDCintercom0:3:xTRANSCEIVERS|lvds_transceivers:xlvds_transceivers|altlvds_rx0:inst|altlvds_rx:ALTLVDS_RX_component|altlvds_rx0_lvds_rx1:auto_generated|wire_pll_sclk_outclk'
Slack : -3.240
TNS   : -54.983

Type  : Slow 1100mV 0C Model Setup 'ACC_main:inst|Clock_Manager:xCLOCKS|pll_block:xPLL_BLOCK|pll_block_0002:pll_block_inst|altera_pll:altera_pll_i|outclk_wire[2]'
Slack : 1.307
TNS   : 0.000

Type  : Slow 1100mV 0C Model Setup 'altera_reserved_tck'
Slack : 9.793
TNS   : 0.000

Type  : Slow 1100mV 0C Model Setup 'ACC_main:inst|Clock_Manager:xCLOCKS|pll_block_transceivers:xPLL_BLOCK_3|pll_block_transceivers_0002:pll_block_transceivers_inst|altera_pll:altera_pll_i|outclk_wire[0]'
Slack : 10.660
TNS   : 0.000

Type  : Slow 1100mV 0C Model Setup 'ACC_main:inst|transceivers:\ACDCintercom0:4:xTRANSCEIVERS|lvds_transceivers:xlvds_transceivers|altlvds_rx0:inst|altlvds_rx:ALTLVDS_RX_component|altlvds_rx0_lvds_rx1:auto_generated|wire_pll_fclk_outclk'
Slack : 12.857
TNS   : 0.000

Type  : Slow 1100mV 0C Model Setup 'ACC_main:inst|Clock_Manager:xCLOCKS|pll_block_transceivers:xPLL_BLOCK_2|pll_block_transceivers_0002:pll_block_transceivers_inst|altera_pll:altera_pll_i|outclk_wire[0]'
Slack : 17.398
TNS   : 0.000

Type  : Slow 1100mV 0C Model Setup 'ACC_main:inst|transceivers:\ACDCintercom0:0:xTRANSCEIVERS|lvds_transceivers:xlvds_transceivers|altlvds_rx0:inst|altlvds_rx:ALTLVDS_RX_component|altlvds_rx0_lvds_rx1:auto_generated|wire_pll_fclk_outclk'
Slack : 21.001
TNS   : 0.000

Type  : Slow 1100mV 0C Model Setup 'ACC_main:inst|transceivers:\ACDCintercom0:4:xTRANSCEIVERS|lvds_transceivers:xlvds_transceivers|altlvds_rx0:inst|altlvds_rx:ALTLVDS_RX_component|altlvds_rx0_lvds_rx1:auto_generated|wire_pll_sclk_outclk'
Slack : 23.681
TNS   : 0.000

Type  : Slow 1100mV 0C Model Setup 'ACC_main:inst|transceivers:\ACDCintercom0:7:xTRANSCEIVERS|lvds_transceivers:xlvds_transceivers|altlvds_rx0:inst|altlvds_rx:ALTLVDS_RX_component|altlvds_rx0_lvds_rx1:auto_generated|wire_pll_sclk_outclk'
Slack : 24.293
TNS   : 0.000

Type  : Slow 1100mV 0C Model Setup 'ACC_main:inst|transceivers:\ACDCintercom0:6:xTRANSCEIVERS|lvds_transceivers:xlvds_transceivers|altlvds_rx0:inst|altlvds_rx:ALTLVDS_RX_component|altlvds_rx0_lvds_rx1:auto_generated|wire_pll_sclk_outclk'
Slack : 24.553
TNS   : 0.000

Type  : Slow 1100mV 0C Model Setup 'ACC_main:inst|transceivers:\ACDCintercom0:5:xTRANSCEIVERS|lvds_transceivers:xlvds_transceivers|altlvds_rx0:inst|altlvds_rx:ALTLVDS_RX_component|altlvds_rx0_lvds_rx1:auto_generated|wire_pll_sclk_outclk'
Slack : 27.483
TNS   : 0.000

Type  : Slow 1100mV 0C Model Setup 'ACC_main:inst|Clock_Manager:xCLOCKS|pll_block:xPLL_BLOCK|pll_block_0002:pll_block_inst|altera_pll:altera_pll_i|outclk_wire[1]'
Slack : 995.242
TNS   : 0.000

Type  : Slow 1100mV 0C Model Hold 'ACC_main:inst|Clock_Manager:xCLOCKS|pll_block:xPLL_BLOCK|pll_block_0002:pll_block_inst|altera_pll:altera_pll_i|outclk_wire[0]'
Slack : 0.232
TNS   : 0.000

Type  : Slow 1100mV 0C Model Hold 'USB_IFCLK'
Slack : 0.233
TNS   : 0.000

Type  : Slow 1100mV 0C Model Hold 'ACC_main:inst|Clock_Manager:xCLOCKS|pll_block:xPLL_BLOCK|pll_block_0002:pll_block_inst|altera_pll:altera_pll_i|outclk_wire[1]'
Slack : 0.252
TNS   : 0.000

Type  : Slow 1100mV 0C Model Hold 'ACC_main:inst|transceivers:\ACDCintercom0:2:xTRANSCEIVERS|lvds_transceivers:xlvds_transceivers|altlvds_rx0:inst|altlvds_rx:ALTLVDS_RX_component|altlvds_rx0_lvds_rx1:auto_generated|wire_pll_sclk_outclk'
Slack : 0.268
TNS   : 0.000

Type  : Slow 1100mV 0C Model Hold 'ACC_main:inst|transceivers:\ACDCintercom0:3:xTRANSCEIVERS|lvds_transceivers:xlvds_transceivers|altlvds_rx0:inst|altlvds_rx:ALTLVDS_RX_component|altlvds_rx0_lvds_rx1:auto_generated|wire_pll_sclk_outclk'
Slack : 0.269
TNS   : 0.000

Type  : Slow 1100mV 0C Model Hold 'ACC_main:inst|transceivers:\ACDCintercom0:0:xTRANSCEIVERS|lvds_transceivers:xlvds_transceivers|altlvds_rx0:inst|altlvds_rx:ALTLVDS_RX_component|altlvds_rx0_lvds_rx1:auto_generated|wire_pll_sclk_outclk'
Slack : 0.270
TNS   : 0.000

Type  : Slow 1100mV 0C Model Hold 'ACC_main:inst|transceivers:\ACDCintercom0:1:xTRANSCEIVERS|lvds_transceivers:xlvds_transceivers|altlvds_rx0:inst|altlvds_rx:ALTLVDS_RX_component|altlvds_rx0_lvds_rx1:auto_generated|wire_pll_sclk_outclk'
Slack : 0.271
TNS   : 0.000

Type  : Slow 1100mV 0C Model Hold 'ACC_main:inst|transceivers:\ACDCintercom0:7:xTRANSCEIVERS|lvds_transceivers:xlvds_transceivers|altlvds_rx0:inst|altlvds_rx:ALTLVDS_RX_component|altlvds_rx0_lvds_rx1:auto_generated|wire_pll_sclk_outclk'
Slack : 0.275
TNS   : 0.000

Type  : Slow 1100mV 0C Model Hold 'ACC_main:inst|transceivers:\ACDCintercom0:5:xTRANSCEIVERS|lvds_transceivers:xlvds_transceivers|altlvds_rx0:inst|altlvds_rx:ALTLVDS_RX_component|altlvds_rx0_lvds_rx1:auto_generated|wire_pll_sclk_outclk'
Slack : 0.278
TNS   : 0.000

Type  : Slow 1100mV 0C Model Hold 'ACC_main:inst|transceivers:\ACDCintercom0:4:xTRANSCEIVERS|lvds_transceivers:xlvds_transceivers|altlvds_rx0:inst|altlvds_rx:ALTLVDS_RX_component|altlvds_rx0_lvds_rx1:auto_generated|wire_pll_sclk_outclk'
Slack : 0.296
TNS   : 0.000

Type  : Slow 1100mV 0C Model Hold 'ACC_main:inst|transceivers:\ACDCintercom0:6:xTRANSCEIVERS|lvds_transceivers:xlvds_transceivers|altlvds_rx0:inst|altlvds_rx:ALTLVDS_RX_component|altlvds_rx0_lvds_rx1:auto_generated|wire_pll_sclk_outclk'
Slack : 0.318
TNS   : 0.000

Type  : Slow 1100mV 0C Model Hold 'ACC_main:inst|Clock_Manager:xCLOCKS|pll_block:xPLL_BLOCK|pll_block_0002:pll_block_inst|altera_pll:altera_pll_i|outclk_wire[2]'
Slack : 0.338
TNS   : 0.000

Type  : Slow 1100mV 0C Model Hold 'altera_reserved_tck'
Slack : 0.401
TNS   : 0.000

Type  : Slow 1100mV 0C Model Hold 'ACC_main:inst|transceivers:\ACDCintercom0:4:xTRANSCEIVERS|lvds_transceivers:xlvds_transceivers|altlvds_rx0:inst|altlvds_rx:ALTLVDS_RX_component|altlvds_rx0_lvds_rx1:auto_generated|wire_pll_fclk_outclk'
Slack : 6.037
TNS   : 0.000

Type  : Slow 1100mV 0C Model Hold 'ACC_main:inst|transceivers:\ACDCintercom0:0:xTRANSCEIVERS|lvds_transceivers:xlvds_transceivers|altlvds_rx0:inst|altlvds_rx:ALTLVDS_RX_component|altlvds_rx0_lvds_rx1:auto_generated|wire_pll_fclk_outclk'
Slack : 6.280
TNS   : 0.000

Type  : Slow 1100mV 0C Model Hold 'ACC_main:inst|Clock_Manager:xCLOCKS|pll_block_transceivers:xPLL_BLOCK_2|pll_block_transceivers_0002:pll_block_transceivers_inst|altera_pll:altera_pll_i|outclk_wire[0]'
Slack : 11.490
TNS   : 0.000

Type  : Slow 1100mV 0C Model Hold 'ACC_main:inst|Clock_Manager:xCLOCKS|pll_block_transceivers:xPLL_BLOCK_3|pll_block_transceivers_0002:pll_block_transceivers_inst|altera_pll:altera_pll_i|outclk_wire[0]'
Slack : 11.785
TNS   : 0.000

Type  : Slow 1100mV 0C Model Recovery 'ACC_main:inst|Clock_Manager:xCLOCKS|pll_block:xPLL_BLOCK|pll_block_0002:pll_block_inst|altera_pll:altera_pll_i|outclk_wire[2]'
Slack : -4.293
TNS   : -44.866

Type  : Slow 1100mV 0C Model Recovery 'ACC_main:inst|Clock_Manager:xCLOCKS|pll_block:xPLL_BLOCK|pll_block_0002:pll_block_inst|altera_pll:altera_pll_i|outclk_wire[0]'
Slack : -4.158
TNS   : -1125.728

Type  : Slow 1100mV 0C Model Recovery 'ACC_main:inst|transceivers:\ACDCintercom0:2:xTRANSCEIVERS|lvds_transceivers:xlvds_transceivers|altlvds_rx0:inst|altlvds_rx:ALTLVDS_RX_component|altlvds_rx0_lvds_rx1:auto_generated|wire_pll_sclk_outclk'
Slack : -3.746
TNS   : -235.571

Type  : Slow 1100mV 0C Model Recovery 'ACC_main:inst|transceivers:\ACDCintercom0:0:xTRANSCEIVERS|lvds_transceivers:xlvds_transceivers|altlvds_rx0:inst|altlvds_rx:ALTLVDS_RX_component|altlvds_rx0_lvds_rx1:auto_generated|wire_pll_sclk_outclk'
Slack : -3.621
TNS   : -256.304

Type  : Slow 1100mV 0C Model Recovery 'ACC_main:inst|transceivers:\ACDCintercom0:3:xTRANSCEIVERS|lvds_transceivers:xlvds_transceivers|altlvds_rx0:inst|altlvds_rx:ALTLVDS_RX_component|altlvds_rx0_lvds_rx1:auto_generated|wire_pll_sclk_outclk'
Slack : -3.421
TNS   : -225.510

Type  : Slow 1100mV 0C Model Recovery 'ACC_main:inst|transceivers:\ACDCintercom0:1:xTRANSCEIVERS|lvds_transceivers:xlvds_transceivers|altlvds_rx0:inst|altlvds_rx:ALTLVDS_RX_component|altlvds_rx0_lvds_rx1:auto_generated|wire_pll_sclk_outclk'
Slack : -3.418
TNS   : -219.341

Type  : Slow 1100mV 0C Model Recovery 'ACC_main:inst|transceivers:\ACDCintercom0:7:xTRANSCEIVERS|lvds_transceivers:xlvds_transceivers|altlvds_rx0:inst|altlvds_rx:ALTLVDS_RX_component|altlvds_rx0_lvds_rx1:auto_generated|wire_pll_sclk_outclk'
Slack : 2.884
TNS   : 0.000

Type  : Slow 1100mV 0C Model Recovery 'ACC_main:inst|transceivers:\ACDCintercom0:6:xTRANSCEIVERS|lvds_transceivers:xlvds_transceivers|altlvds_rx0:inst|altlvds_rx:ALTLVDS_RX_component|altlvds_rx0_lvds_rx1:auto_generated|wire_pll_sclk_outclk'
Slack : 2.907
TNS   : 0.000

Type  : Slow 1100mV 0C Model Recovery 'ACC_main:inst|transceivers:\ACDCintercom0:5:xTRANSCEIVERS|lvds_transceivers:xlvds_transceivers|altlvds_rx0:inst|altlvds_rx:ALTLVDS_RX_component|altlvds_rx0_lvds_rx1:auto_generated|wire_pll_sclk_outclk'
Slack : 3.124
TNS   : 0.000

Type  : Slow 1100mV 0C Model Recovery 'ACC_main:inst|transceivers:\ACDCintercom0:4:xTRANSCEIVERS|lvds_transceivers:xlvds_transceivers|altlvds_rx0:inst|altlvds_rx:ALTLVDS_RX_component|altlvds_rx0_lvds_rx1:auto_generated|wire_pll_sclk_outclk'
Slack : 3.281
TNS   : 0.000

Type  : Slow 1100mV 0C Model Recovery 'USB_IFCLK'
Slack : 10.019
TNS   : 0.000

Type  : Slow 1100mV 0C Model Recovery 'altera_reserved_tck'
Slack : 15.142
TNS   : 0.000

Type  : Slow 1100mV 0C Model Recovery 'ACC_main:inst|Clock_Manager:xCLOCKS|pll_block:xPLL_BLOCK|pll_block_0002:pll_block_inst|altera_pll:altera_pll_i|outclk_wire[1]'
Slack : 997.601
TNS   : 0.000

Type  : Slow 1100mV 0C Model Removal 'USB_IFCLK'
Slack : 0.380
TNS   : 0.000

Type  : Slow 1100mV 0C Model Removal 'ACC_main:inst|transceivers:\ACDCintercom0:0:xTRANSCEIVERS|lvds_transceivers:xlvds_transceivers|altlvds_rx0:inst|altlvds_rx:ALTLVDS_RX_component|altlvds_rx0_lvds_rx1:auto_generated|wire_pll_sclk_outclk'
Slack : 0.587
TNS   : 0.000

Type  : Slow 1100mV 0C Model Removal 'ACC_main:inst|transceivers:\ACDCintercom0:1:xTRANSCEIVERS|lvds_transceivers:xlvds_transceivers|altlvds_rx0:inst|altlvds_rx:ALTLVDS_RX_component|altlvds_rx0_lvds_rx1:auto_generated|wire_pll_sclk_outclk'
Slack : 0.589
TNS   : 0.000

Type  : Slow 1100mV 0C Model Removal 'altera_reserved_tck'
Slack : 0.600
TNS   : 0.000

Type  : Slow 1100mV 0C Model Removal 'ACC_main:inst|transceivers:\ACDCintercom0:2:xTRANSCEIVERS|lvds_transceivers:xlvds_transceivers|altlvds_rx0:inst|altlvds_rx:ALTLVDS_RX_component|altlvds_rx0_lvds_rx1:auto_generated|wire_pll_sclk_outclk'
Slack : 0.686
TNS   : 0.000

Type  : Slow 1100mV 0C Model Removal 'ACC_main:inst|transceivers:\ACDCintercom0:3:xTRANSCEIVERS|lvds_transceivers:xlvds_transceivers|altlvds_rx0:inst|altlvds_rx:ALTLVDS_RX_component|altlvds_rx0_lvds_rx1:auto_generated|wire_pll_sclk_outclk'
Slack : 0.713
TNS   : 0.000

Type  : Slow 1100mV 0C Model Removal 'ACC_main:inst|transceivers:\ACDCintercom0:4:xTRANSCEIVERS|lvds_transceivers:xlvds_transceivers|altlvds_rx0:inst|altlvds_rx:ALTLVDS_RX_component|altlvds_rx0_lvds_rx1:auto_generated|wire_pll_sclk_outclk'
Slack : 0.895
TNS   : 0.000

Type  : Slow 1100mV 0C Model Removal 'ACC_main:inst|Clock_Manager:xCLOCKS|pll_block:xPLL_BLOCK|pll_block_0002:pll_block_inst|altera_pll:altera_pll_i|outclk_wire[0]'
Slack : 0.974
TNS   : 0.000

Type  : Slow 1100mV 0C Model Removal 'ACC_main:inst|transceivers:\ACDCintercom0:7:xTRANSCEIVERS|lvds_transceivers:xlvds_transceivers|altlvds_rx0:inst|altlvds_rx:ALTLVDS_RX_component|altlvds_rx0_lvds_rx1:auto_generated|wire_pll_sclk_outclk'
Slack : 1.008
TNS   : 0.000

Type  : Slow 1100mV 0C Model Removal 'ACC_main:inst|transceivers:\ACDCintercom0:5:xTRANSCEIVERS|lvds_transceivers:xlvds_transceivers|altlvds_rx0:inst|altlvds_rx:ALTLVDS_RX_component|altlvds_rx0_lvds_rx1:auto_generated|wire_pll_sclk_outclk'
Slack : 1.028
TNS   : 0.000

Type  : Slow 1100mV 0C Model Removal 'ACC_main:inst|Clock_Manager:xCLOCKS|pll_block:xPLL_BLOCK|pll_block_0002:pll_block_inst|altera_pll:altera_pll_i|outclk_wire[2]'
Slack : 1.544
TNS   : 0.000

Type  : Slow 1100mV 0C Model Removal 'ACC_main:inst|transceivers:\ACDCintercom0:6:xTRANSCEIVERS|lvds_transceivers:xlvds_transceivers|altlvds_rx0:inst|altlvds_rx:ALTLVDS_RX_component|altlvds_rx0_lvds_rx1:auto_generated|wire_pll_sclk_outclk'
Slack : 1.597
TNS   : 0.000

Type  : Slow 1100mV 0C Model Removal 'ACC_main:inst|Clock_Manager:xCLOCKS|pll_block:xPLL_BLOCK|pll_block_0002:pll_block_inst|altera_pll:altera_pll_i|outclk_wire[1]'
Slack : 1.765
TNS   : 0.000

Type  : Slow 1100mV 0C Model Minimum Pulse Width 'ACC_main:inst|transceivers:\ACDCintercom0:0:xTRANSCEIVERS|lvds_transceivers:xlvds_transceivers|altlvds_rx0:inst|altlvds_rx:ALTLVDS_RX_component|altlvds_rx0_lvds_rx1:auto_generated|pll_sclk~FRACTIONAL_PLL_O_VCOPH0'
Slack : 0.994
TNS   : 0.000

Type  : Slow 1100mV 0C Model Minimum Pulse Width 'ACC_main:inst|transceivers:\ACDCintercom0:4:xTRANSCEIVERS|lvds_transceivers:xlvds_transceivers|altlvds_rx0:inst|altlvds_rx:ALTLVDS_RX_component|altlvds_rx0_lvds_rx1:auto_generated|pll_sclk~FRACTIONAL_PLL_O_VCOPH0'
Slack : 0.994
TNS   : 0.000

Type  : Slow 1100mV 0C Model Minimum Pulse Width 'ACC_main:inst|Clock_Manager:xCLOCKS|pll_block:xPLL_BLOCK|pll_block_0002:pll_block_inst|altera_pll:altera_pll_i|general[0].gpll~FRACTIONAL_PLL_O_VCOPH0'
Slack : 1.333
TNS   : 0.000

Type  : Slow 1100mV 0C Model Minimum Pulse Width 'ACC_main:inst|Clock_Manager:xCLOCKS|pll_block_transceivers:xPLL_BLOCK_2|pll_block_transceivers_0002:pll_block_transceivers_inst|altera_pll:altera_pll_i|general[0].gpll~FRACTIONAL_PLL_O_VCOPH0'
Slack : 1.600
TNS   : 0.000

Type  : Slow 1100mV 0C Model Minimum Pulse Width 'ACC_main:inst|Clock_Manager:xCLOCKS|pll_block_transceivers:xPLL_BLOCK_3|pll_block_transceivers_0002:pll_block_transceivers_inst|altera_pll:altera_pll_i|general[0].gpll~FRACTIONAL_PLL_O_VCOPH0'
Slack : 1.600
TNS   : 0.000

Type  : Slow 1100mV 0C Model Minimum Pulse Width 'ACC_main:inst|transceivers:\ACDCintercom0:0:xTRANSCEIVERS|lvds_transceivers:xlvds_transceivers|altlvds_rx0:inst|altlvds_rx:ALTLVDS_RX_component|altlvds_rx0_lvds_rx1:auto_generated|wire_pll_fclk_outclk'
Slack : 1.944
TNS   : 0.000

Type  : Slow 1100mV 0C Model Minimum Pulse Width 'ACC_main:inst|transceivers:\ACDCintercom0:4:xTRANSCEIVERS|lvds_transceivers:xlvds_transceivers|altlvds_rx0:inst|altlvds_rx:ALTLVDS_RX_component|altlvds_rx0_lvds_rx1:auto_generated|wire_pll_fclk_outclk'
Slack : 1.945
TNS   : 0.000

Type  : Slow 1100mV 0C Model Minimum Pulse Width 'ACC_main:inst|Clock_Manager:xCLOCKS|pll_block:xPLL_BLOCK|pll_block_0002:pll_block_inst|altera_pll:altera_pll_i|outclk_wire[2]'
Slack : 3.201
TNS   : 0.000

Type  : Slow 1100mV 0C Model Minimum Pulse Width 'CLOCKIN1'
Slack : 3.987
TNS   : 0.000

Type  : Slow 1100mV 0C Model Minimum Pulse Width 'CLOCKIN2'
Slack : 3.987
TNS   : 0.000

Type  : Slow 1100mV 0C Model Minimum Pulse Width 'CLOCKIN'
Slack : 3.989
TNS   : 0.000

Type  : Slow 1100mV 0C Model Minimum Pulse Width 'USB_IFCLK'
Slack : 9.541
TNS   : 0.000

Type  : Slow 1100mV 0C Model Minimum Pulse Width 'ACC_main:inst|transceivers:\ACDCintercom0:1:xTRANSCEIVERS|lvds_transceivers:xlvds_transceivers|altlvds_rx0:inst|altlvds_rx:ALTLVDS_RX_component|altlvds_rx0_lvds_rx1:auto_generated|wire_pll_sclk_outclk'
Slack : 14.924
TNS   : 0.000

Type  : Slow 1100mV 0C Model Minimum Pulse Width 'ACC_main:inst|transceivers:\ACDCintercom0:0:xTRANSCEIVERS|lvds_transceivers:xlvds_transceivers|altlvds_rx0:inst|altlvds_rx:ALTLVDS_RX_component|altlvds_rx0_lvds_rx1:auto_generated|wire_pll_sclk_outclk'
Slack : 14.925
TNS   : 0.000

Type  : Slow 1100mV 0C Model Minimum Pulse Width 'ACC_main:inst|transceivers:\ACDCintercom0:2:xTRANSCEIVERS|lvds_transceivers:xlvds_transceivers|altlvds_rx0:inst|altlvds_rx:ALTLVDS_RX_component|altlvds_rx0_lvds_rx1:auto_generated|wire_pll_sclk_outclk'
Slack : 14.926
TNS   : 0.000

Type  : Slow 1100mV 0C Model Minimum Pulse Width 'ACC_main:inst|transceivers:\ACDCintercom0:3:xTRANSCEIVERS|lvds_transceivers:xlvds_transceivers|altlvds_rx0:inst|altlvds_rx:ALTLVDS_RX_component|altlvds_rx0_lvds_rx1:auto_generated|wire_pll_sclk_outclk'
Slack : 14.926
TNS   : 0.000

Type  : Slow 1100mV 0C Model Minimum Pulse Width 'ACC_main:inst|Clock_Manager:xCLOCKS|pll_block:xPLL_BLOCK|pll_block_0002:pll_block_inst|altera_pll:altera_pll_i|outclk_wire[0]'
Slack : 15.195
TNS   : 0.000

Type  : Slow 1100mV 0C Model Minimum Pulse Width 'ACC_main:inst|transceivers:\ACDCintercom0:4:xTRANSCEIVERS|lvds_transceivers:xlvds_transceivers|altlvds_rx0:inst|altlvds_rx:ALTLVDS_RX_component|altlvds_rx0_lvds_rx1:auto_generated|wire_pll_sclk_outclk'
Slack : 15.222
TNS   : 0.000

Type  : Slow 1100mV 0C Model Minimum Pulse Width 'ACC_main:inst|transceivers:\ACDCintercom0:7:xTRANSCEIVERS|lvds_transceivers:xlvds_transceivers|altlvds_rx0:inst|altlvds_rx:ALTLVDS_RX_component|altlvds_rx0_lvds_rx1:auto_generated|wire_pll_sclk_outclk'
Slack : 15.222
TNS   : 0.000

Type  : Slow 1100mV 0C Model Minimum Pulse Width 'ACC_main:inst|transceivers:\ACDCintercom0:6:xTRANSCEIVERS|lvds_transceivers:xlvds_transceivers|altlvds_rx0:inst|altlvds_rx:ALTLVDS_RX_component|altlvds_rx0_lvds_rx1:auto_generated|wire_pll_sclk_outclk'
Slack : 15.225
TNS   : 0.000

Type  : Slow 1100mV 0C Model Minimum Pulse Width 'ACC_main:inst|transceivers:\ACDCintercom0:5:xTRANSCEIVERS|lvds_transceivers:xlvds_transceivers|altlvds_rx0:inst|altlvds_rx:ALTLVDS_RX_component|altlvds_rx0_lvds_rx1:auto_generated|wire_pll_sclk_outclk'
Slack : 15.226
TNS   : 0.000

Type  : Slow 1100mV 0C Model Minimum Pulse Width 'ACC_main:inst|Clock_Manager:xCLOCKS|pll_block_transceivers:xPLL_BLOCK_2|pll_block_transceivers_0002:pll_block_transceivers_inst|altera_pll:altera_pll_i|outclk_wire[0]'
Slack : 15.264
TNS   : 0.000

Type  : Slow 1100mV 0C Model Minimum Pulse Width 'ACC_main:inst|Clock_Manager:xCLOCKS|pll_block_transceivers:xPLL_BLOCK_3|pll_block_transceivers_0002:pll_block_transceivers_inst|altera_pll:altera_pll_i|outclk_wire[0]'
Slack : 15.278
TNS   : 0.000

Type  : Slow 1100mV 0C Model Minimum Pulse Width 'altera_reserved_tck'
Slack : 15.526
TNS   : 0.000

Type  : Slow 1100mV 0C Model Minimum Pulse Width 'ACC_main:inst|Clock_Manager:xCLOCKS|pll_block:xPLL_BLOCK|pll_block_0002:pll_block_inst|altera_pll:altera_pll_i|outclk_wire[1]'
Slack : 499.288
TNS   : 0.000

Type  : Fast 1100mV 85C Model Setup 'USB_IFCLK'
Slack : -4.214
TNS   : -118.156

Type  : Fast 1100mV 85C Model Setup 'ACC_main:inst|Clock_Manager:xCLOCKS|pll_block:xPLL_BLOCK|pll_block_0002:pll_block_inst|altera_pll:altera_pll_i|outclk_wire[0]'
Slack : -2.984
TNS   : -947.595

Type  : Fast 1100mV 85C Model Setup 'ACC_main:inst|transceivers:\ACDCintercom0:1:xTRANSCEIVERS|lvds_transceivers:xlvds_transceivers|altlvds_rx0:inst|altlvds_rx:ALTLVDS_RX_component|altlvds_rx0_lvds_rx1:auto_generated|wire_pll_sclk_outclk'
Slack : -2.121
TNS   : -30.916

Type  : Fast 1100mV 85C Model Setup 'ACC_main:inst|transceivers:\ACDCintercom0:2:xTRANSCEIVERS|lvds_transceivers:xlvds_transceivers|altlvds_rx0:inst|altlvds_rx:ALTLVDS_RX_component|altlvds_rx0_lvds_rx1:auto_generated|wire_pll_sclk_outclk'
Slack : -1.887
TNS   : -27.320

Type  : Fast 1100mV 85C Model Setup 'ACC_main:inst|transceivers:\ACDCintercom0:3:xTRANSCEIVERS|lvds_transceivers:xlvds_transceivers|altlvds_rx0:inst|altlvds_rx:ALTLVDS_RX_component|altlvds_rx0_lvds_rx1:auto_generated|wire_pll_sclk_outclk'
Slack : -1.876
TNS   : -26.523

Type  : Fast 1100mV 85C Model Setup 'ACC_main:inst|transceivers:\ACDCintercom0:0:xTRANSCEIVERS|lvds_transceivers:xlvds_transceivers|altlvds_rx0:inst|altlvds_rx:ALTLVDS_RX_component|altlvds_rx0_lvds_rx1:auto_generated|wire_pll_sclk_outclk'
Slack : -1.865
TNS   : -27.785

Type  : Fast 1100mV 85C Model Setup 'ACC_main:inst|Clock_Manager:xCLOCKS|pll_block:xPLL_BLOCK|pll_block_0002:pll_block_inst|altera_pll:altera_pll_i|outclk_wire[2]'
Slack : 2.194
TNS   : 0.000

Type  : Fast 1100mV 85C Model Setup 'ACC_main:inst|Clock_Manager:xCLOCKS|pll_block_transceivers:xPLL_BLOCK_3|pll_block_transceivers_0002:pll_block_transceivers_inst|altera_pll:altera_pll_i|outclk_wire[0]'
Slack : 11.745
TNS   : 0.000

Type  : Fast 1100mV 85C Model Setup 'altera_reserved_tck'
Slack : 12.127
TNS   : 0.000

Type  : Fast 1100mV 85C Model Setup 'ACC_main:inst|transceivers:\ACDCintercom0:4:xTRANSCEIVERS|lvds_transceivers:xlvds_transceivers|altlvds_rx0:inst|altlvds_rx:ALTLVDS_RX_component|altlvds_rx0_lvds_rx1:auto_generated|wire_pll_fclk_outclk'
Slack : 15.612
TNS   : 0.000

Type  : Fast 1100mV 85C Model Setup 'ACC_main:inst|Clock_Manager:xCLOCKS|pll_block_transceivers:xPLL_BLOCK_2|pll_block_transceivers_0002:pll_block_transceivers_inst|altera_pll:altera_pll_i|outclk_wire[0]'
Slack : 16.909
TNS   : 0.000

Type  : Fast 1100mV 85C Model Setup 'ACC_main:inst|transceivers:\ACDCintercom0:0:xTRANSCEIVERS|lvds_transceivers:xlvds_transceivers|altlvds_rx0:inst|altlvds_rx:ALTLVDS_RX_component|altlvds_rx0_lvds_rx1:auto_generated|wire_pll_fclk_outclk'
Slack : 22.746
TNS   : 0.000

Type  : Fast 1100mV 85C Model Setup 'ACC_main:inst|transceivers:\ACDCintercom0:4:xTRANSCEIVERS|lvds_transceivers:xlvds_transceivers|altlvds_rx0:inst|altlvds_rx:ALTLVDS_RX_component|altlvds_rx0_lvds_rx1:auto_generated|wire_pll_sclk_outclk'
Slack : 25.684
TNS   : 0.000

Type  : Fast 1100mV 85C Model Setup 'ACC_main:inst|transceivers:\ACDCintercom0:7:xTRANSCEIVERS|lvds_transceivers:xlvds_transceivers|altlvds_rx0:inst|altlvds_rx:ALTLVDS_RX_component|altlvds_rx0_lvds_rx1:auto_generated|wire_pll_sclk_outclk'
Slack : 26.106
TNS   : 0.000

Type  : Fast 1100mV 85C Model Setup 'ACC_main:inst|transceivers:\ACDCintercom0:6:xTRANSCEIVERS|lvds_transceivers:xlvds_transceivers|altlvds_rx0:inst|altlvds_rx:ALTLVDS_RX_component|altlvds_rx0_lvds_rx1:auto_generated|wire_pll_sclk_outclk'
Slack : 26.383
TNS   : 0.000

Type  : Fast 1100mV 85C Model Setup 'ACC_main:inst|transceivers:\ACDCintercom0:5:xTRANSCEIVERS|lvds_transceivers:xlvds_transceivers|altlvds_rx0:inst|altlvds_rx:ALTLVDS_RX_component|altlvds_rx0_lvds_rx1:auto_generated|wire_pll_sclk_outclk'
Slack : 28.953
TNS   : 0.000

Type  : Fast 1100mV 85C Model Setup 'ACC_main:inst|Clock_Manager:xCLOCKS|pll_block:xPLL_BLOCK|pll_block_0002:pll_block_inst|altera_pll:altera_pll_i|outclk_wire[1]'
Slack : 996.891
TNS   : 0.000

Type  : Fast 1100mV 85C Model Hold 'ACC_main:inst|transceivers:\ACDCintercom0:2:xTRANSCEIVERS|lvds_transceivers:xlvds_transceivers|altlvds_rx0:inst|altlvds_rx:ALTLVDS_RX_component|altlvds_rx0_lvds_rx1:auto_generated|wire_pll_sclk_outclk'
Slack : -0.157
TNS   : -0.432

Type  : Fast 1100mV 85C Model Hold 'ACC_main:inst|transceivers:\ACDCintercom0:3:xTRANSCEIVERS|lvds_transceivers:xlvds_transceivers|altlvds_rx0:inst|altlvds_rx:ALTLVDS_RX_component|altlvds_rx0_lvds_rx1:auto_generated|wire_pll_sclk_outclk'
Slack : -0.093
TNS   : -1.522

Type  : Fast 1100mV 85C Model Hold 'ACC_main:inst|transceivers:\ACDCintercom0:1:xTRANSCEIVERS|lvds_transceivers:xlvds_transceivers|altlvds_rx0:inst|altlvds_rx:ALTLVDS_RX_component|altlvds_rx0_lvds_rx1:auto_generated|wire_pll_sclk_outclk'
Slack : -0.086
TNS   : -0.267

Type  : Fast 1100mV 85C Model Hold 'ACC_main:inst|transceivers:\ACDCintercom0:0:xTRANSCEIVERS|lvds_transceivers:xlvds_transceivers|altlvds_rx0:inst|altlvds_rx:ALTLVDS_RX_component|altlvds_rx0_lvds_rx1:auto_generated|wire_pll_sclk_outclk'
Slack : -0.040
TNS   : -0.040

Type  : Fast 1100mV 85C Model Hold 'ACC_main:inst|Clock_Manager:xCLOCKS|pll_block:xPLL_BLOCK|pll_block_0002:pll_block_inst|altera_pll:altera_pll_i|outclk_wire[0]'
Slack : 0.152
TNS   : 0.000

Type  : Fast 1100mV 85C Model Hold 'USB_IFCLK'
Slack : 0.166
TNS   : 0.000

Type  : Fast 1100mV 85C Model Hold 'ACC_main:inst|Clock_Manager:xCLOCKS|pll_block:xPLL_BLOCK|pll_block_0002:pll_block_inst|altera_pll:altera_pll_i|outclk_wire[1]'
Slack : 0.171
TNS   : 0.000

Type  : Fast 1100mV 85C Model Hold 'ACC_main:inst|transceivers:\ACDCintercom0:7:xTRANSCEIVERS|lvds_transceivers:xlvds_transceivers|altlvds_rx0:inst|altlvds_rx:ALTLVDS_RX_component|altlvds_rx0_lvds_rx1:auto_generated|wire_pll_sclk_outclk'
Slack : 0.183
TNS   : 0.000

Type  : Fast 1100mV 85C Model Hold 'ACC_main:inst|transceivers:\ACDCintercom0:5:xTRANSCEIVERS|lvds_transceivers:xlvds_transceivers|altlvds_rx0:inst|altlvds_rx:ALTLVDS_RX_component|altlvds_rx0_lvds_rx1:auto_generated|wire_pll_sclk_outclk'
Slack : 0.184
TNS   : 0.000

Type  : Fast 1100mV 85C Model Hold 'ACC_main:inst|Clock_Manager:xCLOCKS|pll_block:xPLL_BLOCK|pll_block_0002:pll_block_inst|altera_pll:altera_pll_i|outclk_wire[2]'
Slack : 0.191
TNS   : 0.000

Type  : Fast 1100mV 85C Model Hold 'ACC_main:inst|transceivers:\ACDCintercom0:4:xTRANSCEIVERS|lvds_transceivers:xlvds_transceivers|altlvds_rx0:inst|altlvds_rx:ALTLVDS_RX_component|altlvds_rx0_lvds_rx1:auto_generated|wire_pll_sclk_outclk'
Slack : 0.196
TNS   : 0.000

Type  : Fast 1100mV 85C Model Hold 'ACC_main:inst|transceivers:\ACDCintercom0:6:xTRANSCEIVERS|lvds_transceivers:xlvds_transceivers|altlvds_rx0:inst|altlvds_rx:ALTLVDS_RX_component|altlvds_rx0_lvds_rx1:auto_generated|wire_pll_sclk_outclk'
Slack : 0.208
TNS   : 0.000

Type  : Fast 1100mV 85C Model Hold 'altera_reserved_tck'
Slack : 0.221
TNS   : 0.000

Type  : Fast 1100mV 85C Model Hold 'ACC_main:inst|transceivers:\ACDCintercom0:4:xTRANSCEIVERS|lvds_transceivers:xlvds_transceivers|altlvds_rx0:inst|altlvds_rx:ALTLVDS_RX_component|altlvds_rx0_lvds_rx1:auto_generated|wire_pll_fclk_outclk'
Slack : 5.889
TNS   : 0.000

Type  : Fast 1100mV 85C Model Hold 'ACC_main:inst|transceivers:\ACDCintercom0:0:xTRANSCEIVERS|lvds_transceivers:xlvds_transceivers|altlvds_rx0:inst|altlvds_rx:ALTLVDS_RX_component|altlvds_rx0_lvds_rx1:auto_generated|wire_pll_fclk_outclk'
Slack : 5.990
TNS   : 0.000

Type  : Fast 1100mV 85C Model Hold 'ACC_main:inst|Clock_Manager:xCLOCKS|pll_block_transceivers:xPLL_BLOCK_2|pll_block_transceivers_0002:pll_block_transceivers_inst|altera_pll:altera_pll_i|outclk_wire[0]'
Slack : 12.890
TNS   : 0.000

Type  : Fast 1100mV 85C Model Hold 'ACC_main:inst|Clock_Manager:xCLOCKS|pll_block_transceivers:xPLL_BLOCK_3|pll_block_transceivers_0002:pll_block_transceivers_inst|altera_pll:altera_pll_i|outclk_wire[0]'
Slack : 13.048
TNS   : 0.000

Type  : Fast 1100mV 85C Model Recovery 'ACC_main:inst|Clock_Manager:xCLOCKS|pll_block:xPLL_BLOCK|pll_block_0002:pll_block_inst|altera_pll:altera_pll_i|outclk_wire[2]'
Slack : -2.562
TNS   : -26.641

Type  : Fast 1100mV 85C Model Recovery 'ACC_main:inst|Clock_Manager:xCLOCKS|pll_block:xPLL_BLOCK|pll_block_0002:pll_block_inst|altera_pll:altera_pll_i|outclk_wire[0]'
Slack : -2.524
TNS   : -691.073

Type  : Fast 1100mV 85C Model Recovery 'ACC_main:inst|transceivers:\ACDCintercom0:2:xTRANSCEIVERS|lvds_transceivers:xlvds_transceivers|altlvds_rx0:inst|altlvds_rx:ALTLVDS_RX_component|altlvds_rx0_lvds_rx1:auto_generated|wire_pll_sclk_outclk'
Slack : -2.014
TNS   : -122.908

Type  : Fast 1100mV 85C Model Recovery 'ACC_main:inst|transceivers:\ACDCintercom0:1:xTRANSCEIVERS|lvds_transceivers:xlvds_transceivers|altlvds_rx0:inst|altlvds_rx:ALTLVDS_RX_component|altlvds_rx0_lvds_rx1:auto_generated|wire_pll_sclk_outclk'
Slack : -1.963
TNS   : -123.941

Type  : Fast 1100mV 85C Model Recovery 'ACC_main:inst|transceivers:\ACDCintercom0:0:xTRANSCEIVERS|lvds_transceivers:xlvds_transceivers|altlvds_rx0:inst|altlvds_rx:ALTLVDS_RX_component|altlvds_rx0_lvds_rx1:auto_generated|wire_pll_sclk_outclk'
Slack : -1.937
TNS   : -138.161

Type  : Fast 1100mV 85C Model Recovery 'ACC_main:inst|transceivers:\ACDCintercom0:3:xTRANSCEIVERS|lvds_transceivers:xlvds_transceivers|altlvds_rx0:inst|altlvds_rx:ALTLVDS_RX_component|altlvds_rx0_lvds_rx1:auto_generated|wire_pll_sclk_outclk'
Slack : -1.885
TNS   : -123.333

Type  : Fast 1100mV 85C Model Recovery 'ACC_main:inst|transceivers:\ACDCintercom0:7:xTRANSCEIVERS|lvds_transceivers:xlvds_transceivers|altlvds_rx0:inst|altlvds_rx:ALTLVDS_RX_component|altlvds_rx0_lvds_rx1:auto_generated|wire_pll_sclk_outclk'
Slack : 4.106
TNS   : 0.000

Type  : Fast 1100mV 85C Model Recovery 'ACC_main:inst|transceivers:\ACDCintercom0:6:xTRANSCEIVERS|lvds_transceivers:xlvds_transceivers|altlvds_rx0:inst|altlvds_rx:ALTLVDS_RX_component|altlvds_rx0_lvds_rx1:auto_generated|wire_pll_sclk_outclk'
Slack : 4.107
TNS   : 0.000

Type  : Fast 1100mV 85C Model Recovery 'ACC_main:inst|transceivers:\ACDCintercom0:5:xTRANSCEIVERS|lvds_transceivers:xlvds_transceivers|altlvds_rx0:inst|altlvds_rx:ALTLVDS_RX_component|altlvds_rx0_lvds_rx1:auto_generated|wire_pll_sclk_outclk'
Slack : 4.299
TNS   : 0.000

Type  : Fast 1100mV 85C Model Recovery 'ACC_main:inst|transceivers:\ACDCintercom0:4:xTRANSCEIVERS|lvds_transceivers:xlvds_transceivers|altlvds_rx0:inst|altlvds_rx:ALTLVDS_RX_component|altlvds_rx0_lvds_rx1:auto_generated|wire_pll_sclk_outclk'
Slack : 4.445
TNS   : 0.000

Type  : Fast 1100mV 85C Model Recovery 'USB_IFCLK'
Slack : 10.297
TNS   : 0.000

Type  : Fast 1100mV 85C Model Recovery 'altera_reserved_tck'
Slack : 15.923
TNS   : 0.000

Type  : Fast 1100mV 85C Model Recovery 'ACC_main:inst|Clock_Manager:xCLOCKS|pll_block:xPLL_BLOCK|pll_block_0002:pll_block_inst|altera_pll:altera_pll_i|outclk_wire[1]'
Slack : 998.244
TNS   : 0.000

Type  : Fast 1100mV 85C Model Removal 'ACC_main:inst|transceivers:\ACDCintercom0:3:xTRANSCEIVERS|lvds_transceivers:xlvds_transceivers|altlvds_rx0:inst|altlvds_rx:ALTLVDS_RX_component|altlvds_rx0_lvds_rx1:auto_generated|wire_pll_sclk_outclk'
Slack : -0.120
TNS   : -0.378

Type  : Fast 1100mV 85C Model Removal 'ACC_main:inst|transceivers:\ACDCintercom0:0:xTRANSCEIVERS|lvds_transceivers:xlvds_transceivers|altlvds_rx0:inst|altlvds_rx:ALTLVDS_RX_component|altlvds_rx0_lvds_rx1:auto_generated|wire_pll_sclk_outclk'
Slack : -0.105
TNS   : -0.209

Type  : Fast 1100mV 85C Model Removal 'ACC_main:inst|transceivers:\ACDCintercom0:1:xTRANSCEIVERS|lvds_transceivers:xlvds_transceivers|altlvds_rx0:inst|altlvds_rx:ALTLVDS_RX_component|altlvds_rx0_lvds_rx1:auto_generated|wire_pll_sclk_outclk'
Slack : -0.098
TNS   : -2.821

Type  : Fast 1100mV 85C Model Removal 'ACC_main:inst|transceivers:\ACDCintercom0:2:xTRANSCEIVERS|lvds_transceivers:xlvds_transceivers|altlvds_rx0:inst|altlvds_rx:ALTLVDS_RX_component|altlvds_rx0_lvds_rx1:auto_generated|wire_pll_sclk_outclk'
Slack : 0.005
TNS   : 0.000

Type  : Fast 1100mV 85C Model Removal 'altera_reserved_tck'
Slack : 0.339
TNS   : 0.000

Type  : Fast 1100mV 85C Model Removal 'ACC_main:inst|transceivers:\ACDCintercom0:4:xTRANSCEIVERS|lvds_transceivers:xlvds_transceivers|altlvds_rx0:inst|altlvds_rx:ALTLVDS_RX_component|altlvds_rx0_lvds_rx1:auto_generated|wire_pll_sclk_outclk'
Slack : 0.570
TNS   : 0.000

Type  : Fast 1100mV 85C Model Removal 'USB_IFCLK'
Slack : 0.589
TNS   : 0.000

Type  : Fast 1100mV 85C Model Removal 'ACC_main:inst|transceivers:\ACDCintercom0:7:xTRANSCEIVERS|lvds_transceivers:xlvds_transceivers|altlvds_rx0:inst|altlvds_rx:ALTLVDS_RX_component|altlvds_rx0_lvds_rx1:auto_generated|wire_pll_sclk_outclk'
Slack : 0.615
TNS   : 0.000

Type  : Fast 1100mV 85C Model Removal 'ACC_main:inst|Clock_Manager:xCLOCKS|pll_block:xPLL_BLOCK|pll_block_0002:pll_block_inst|altera_pll:altera_pll_i|outclk_wire[0]'
Slack : 0.635
TNS   : 0.000

Type  : Fast 1100mV 85C Model Removal 'ACC_main:inst|transceivers:\ACDCintercom0:5:xTRANSCEIVERS|lvds_transceivers:xlvds_transceivers|altlvds_rx0:inst|altlvds_rx:ALTLVDS_RX_component|altlvds_rx0_lvds_rx1:auto_generated|wire_pll_sclk_outclk'
Slack : 0.638
TNS   : 0.000

Type  : Fast 1100mV 85C Model Removal 'ACC_main:inst|Clock_Manager:xCLOCKS|pll_block:xPLL_BLOCK|pll_block_0002:pll_block_inst|altera_pll:altera_pll_i|outclk_wire[2]'
Slack : 1.060
TNS   : 0.000

Type  : Fast 1100mV 85C Model Removal 'ACC_main:inst|transceivers:\ACDCintercom0:6:xTRANSCEIVERS|lvds_transceivers:xlvds_transceivers|altlvds_rx0:inst|altlvds_rx:ALTLVDS_RX_component|altlvds_rx0_lvds_rx1:auto_generated|wire_pll_sclk_outclk'
Slack : 1.066
TNS   : 0.000

Type  : Fast 1100mV 85C Model Removal 'ACC_main:inst|Clock_Manager:xCLOCKS|pll_block:xPLL_BLOCK|pll_block_0002:pll_block_inst|altera_pll:altera_pll_i|outclk_wire[1]'
Slack : 1.204
TNS   : 0.000

Type  : Fast 1100mV 85C Model Minimum Pulse Width 'ACC_main:inst|transceivers:\ACDCintercom0:0:xTRANSCEIVERS|lvds_transceivers:xlvds_transceivers|altlvds_rx0:inst|altlvds_rx:ALTLVDS_RX_component|altlvds_rx0_lvds_rx1:auto_generated|pll_sclk~FRACTIONAL_PLL_O_VCOPH0'
Slack : 0.996
TNS   : 0.000

Type  : Fast 1100mV 85C Model Minimum Pulse Width 'ACC_main:inst|transceivers:\ACDCintercom0:4:xTRANSCEIVERS|lvds_transceivers:xlvds_transceivers|altlvds_rx0:inst|altlvds_rx:ALTLVDS_RX_component|altlvds_rx0_lvds_rx1:auto_generated|pll_sclk~FRACTIONAL_PLL_O_VCOPH0'
Slack : 0.996
TNS   : 0.000

Type  : Fast 1100mV 85C Model Minimum Pulse Width 'ACC_main:inst|Clock_Manager:xCLOCKS|pll_block:xPLL_BLOCK|pll_block_0002:pll_block_inst|altera_pll:altera_pll_i|general[0].gpll~FRACTIONAL_PLL_O_VCOPH0'
Slack : 1.333
TNS   : 0.000

Type  : Fast 1100mV 85C Model Minimum Pulse Width 'ACC_main:inst|Clock_Manager:xCLOCKS|pll_block_transceivers:xPLL_BLOCK_2|pll_block_transceivers_0002:pll_block_transceivers_inst|altera_pll:altera_pll_i|general[0].gpll~FRACTIONAL_PLL_O_VCOPH0'
Slack : 1.600
TNS   : 0.000

Type  : Fast 1100mV 85C Model Minimum Pulse Width 'ACC_main:inst|Clock_Manager:xCLOCKS|pll_block_transceivers:xPLL_BLOCK_3|pll_block_transceivers_0002:pll_block_transceivers_inst|altera_pll:altera_pll_i|general[0].gpll~FRACTIONAL_PLL_O_VCOPH0'
Slack : 1.600
TNS   : 0.000

Type  : Fast 1100mV 85C Model Minimum Pulse Width 'ACC_main:inst|transceivers:\ACDCintercom0:0:xTRANSCEIVERS|lvds_transceivers:xlvds_transceivers|altlvds_rx0:inst|altlvds_rx:ALTLVDS_RX_component|altlvds_rx0_lvds_rx1:auto_generated|wire_pll_fclk_outclk'
Slack : 1.957
TNS   : 0.000

Type  : Fast 1100mV 85C Model Minimum Pulse Width 'ACC_main:inst|transceivers:\ACDCintercom0:4:xTRANSCEIVERS|lvds_transceivers:xlvds_transceivers|altlvds_rx0:inst|altlvds_rx:ALTLVDS_RX_component|altlvds_rx0_lvds_rx1:auto_generated|wire_pll_fclk_outclk'
Slack : 1.957
TNS   : 0.000

Type  : Fast 1100mV 85C Model Minimum Pulse Width 'ACC_main:inst|Clock_Manager:xCLOCKS|pll_block:xPLL_BLOCK|pll_block_0002:pll_block_inst|altera_pll:altera_pll_i|outclk_wire[2]'
Slack : 3.525
TNS   : 0.000

Type  : Fast 1100mV 85C Model Minimum Pulse Width 'CLOCKIN'
Slack : 3.968
TNS   : 0.000

Type  : Fast 1100mV 85C Model Minimum Pulse Width 'CLOCKIN1'
Slack : 3.969
TNS   : 0.000

Type  : Fast 1100mV 85C Model Minimum Pulse Width 'CLOCKIN2'
Slack : 3.969
TNS   : 0.000

Type  : Fast 1100mV 85C Model Minimum Pulse Width 'USB_IFCLK'
Slack : 9.372
TNS   : 0.000

Type  : Fast 1100mV 85C Model Minimum Pulse Width 'ACC_main:inst|transceivers:\ACDCintercom0:1:xTRANSCEIVERS|lvds_transceivers:xlvds_transceivers|altlvds_rx0:inst|altlvds_rx:ALTLVDS_RX_component|altlvds_rx0_lvds_rx1:auto_generated|wire_pll_sclk_outclk'
Slack : 15.056
TNS   : 0.000

Type  : Fast 1100mV 85C Model Minimum Pulse Width 'ACC_main:inst|transceivers:\ACDCintercom0:2:xTRANSCEIVERS|lvds_transceivers:xlvds_transceivers|altlvds_rx0:inst|altlvds_rx:ALTLVDS_RX_component|altlvds_rx0_lvds_rx1:auto_generated|wire_pll_sclk_outclk'
Slack : 15.057
TNS   : 0.000

Type  : Fast 1100mV 85C Model Minimum Pulse Width 'ACC_main:inst|transceivers:\ACDCintercom0:3:xTRANSCEIVERS|lvds_transceivers:xlvds_transceivers|altlvds_rx0:inst|altlvds_rx:ALTLVDS_RX_component|altlvds_rx0_lvds_rx1:auto_generated|wire_pll_sclk_outclk'
Slack : 15.058
TNS   : 0.000

Type  : Fast 1100mV 85C Model Minimum Pulse Width 'ACC_main:inst|transceivers:\ACDCintercom0:0:xTRANSCEIVERS|lvds_transceivers:xlvds_transceivers|altlvds_rx0:inst|altlvds_rx:ALTLVDS_RX_component|altlvds_rx0_lvds_rx1:auto_generated|wire_pll_sclk_outclk'
Slack : 15.059
TNS   : 0.000

Type  : Fast 1100mV 85C Model Minimum Pulse Width 'altera_reserved_tck'
Slack : 15.241
TNS   : 0.000

Type  : Fast 1100mV 85C Model Minimum Pulse Width 'ACC_main:inst|Clock_Manager:xCLOCKS|pll_block:xPLL_BLOCK|pll_block_0002:pll_block_inst|altera_pll:altera_pll_i|outclk_wire[0]'
Slack : 15.521
TNS   : 0.000

Type  : Fast 1100mV 85C Model Minimum Pulse Width 'ACC_main:inst|transceivers:\ACDCintercom0:4:xTRANSCEIVERS|lvds_transceivers:xlvds_transceivers|altlvds_rx0:inst|altlvds_rx:ALTLVDS_RX_component|altlvds_rx0_lvds_rx1:auto_generated|wire_pll_sclk_outclk'
Slack : 15.523
TNS   : 0.000

Type  : Fast 1100mV 85C Model Minimum Pulse Width 'ACC_main:inst|transceivers:\ACDCintercom0:7:xTRANSCEIVERS|lvds_transceivers:xlvds_transceivers|altlvds_rx0:inst|altlvds_rx:ALTLVDS_RX_component|altlvds_rx0_lvds_rx1:auto_generated|wire_pll_sclk_outclk'
Slack : 15.523
TNS   : 0.000

Type  : Fast 1100mV 85C Model Minimum Pulse Width 'ACC_main:inst|transceivers:\ACDCintercom0:6:xTRANSCEIVERS|lvds_transceivers:xlvds_transceivers|altlvds_rx0:inst|altlvds_rx:ALTLVDS_RX_component|altlvds_rx0_lvds_rx1:auto_generated|wire_pll_sclk_outclk'
Slack : 15.526
TNS   : 0.000

Type  : Fast 1100mV 85C Model Minimum Pulse Width 'ACC_main:inst|transceivers:\ACDCintercom0:5:xTRANSCEIVERS|lvds_transceivers:xlvds_transceivers|altlvds_rx0:inst|altlvds_rx:ALTLVDS_RX_component|altlvds_rx0_lvds_rx1:auto_generated|wire_pll_sclk_outclk'
Slack : 15.529
TNS   : 0.000

Type  : Fast 1100mV 85C Model Minimum Pulse Width 'ACC_main:inst|Clock_Manager:xCLOCKS|pll_block_transceivers:xPLL_BLOCK_2|pll_block_transceivers_0002:pll_block_transceivers_inst|altera_pll:altera_pll_i|outclk_wire[0]'
Slack : 15.534
TNS   : 0.000

Type  : Fast 1100mV 85C Model Minimum Pulse Width 'ACC_main:inst|Clock_Manager:xCLOCKS|pll_block_transceivers:xPLL_BLOCK_3|pll_block_transceivers_0002:pll_block_transceivers_inst|altera_pll:altera_pll_i|outclk_wire[0]'
Slack : 15.540
TNS   : 0.000

Type  : Fast 1100mV 85C Model Minimum Pulse Width 'ACC_main:inst|Clock_Manager:xCLOCKS|pll_block:xPLL_BLOCK|pll_block_0002:pll_block_inst|altera_pll:altera_pll_i|outclk_wire[1]'
Slack : 499.546
TNS   : 0.000

Type  : Fast 1100mV 0C Model Setup 'USB_IFCLK'
Slack : -4.000
TNS   : -112.330

Type  : Fast 1100mV 0C Model Setup 'ACC_main:inst|Clock_Manager:xCLOCKS|pll_block:xPLL_BLOCK|pll_block_0002:pll_block_inst|altera_pll:altera_pll_i|outclk_wire[0]'
Slack : -2.805
TNS   : -896.475

Type  : Fast 1100mV 0C Model Setup 'ACC_main:inst|transceivers:\ACDCintercom0:1:xTRANSCEIVERS|lvds_transceivers:xlvds_transceivers|altlvds_rx0:inst|altlvds_rx:ALTLVDS_RX_component|altlvds_rx0_lvds_rx1:auto_generated|wire_pll_sclk_outclk'
Slack : -1.676
TNS   : -24.044

Type  : Fast 1100mV 0C Model Setup 'ACC_main:inst|transceivers:\ACDCintercom0:2:xTRANSCEIVERS|lvds_transceivers:xlvds_transceivers|altlvds_rx0:inst|altlvds_rx:ALTLVDS_RX_component|altlvds_rx0_lvds_rx1:auto_generated|wire_pll_sclk_outclk'
Slack : -1.525
TNS   : -21.613

Type  : Fast 1100mV 0C Model Setup 'ACC_main:inst|transceivers:\ACDCintercom0:3:xTRANSCEIVERS|lvds_transceivers:xlvds_transceivers|altlvds_rx0:inst|altlvds_rx:ALTLVDS_RX_component|altlvds_rx0_lvds_rx1:auto_generated|wire_pll_sclk_outclk'
Slack : -1.471
TNS   : -20.579

Type  : Fast 1100mV 0C Model Setup 'ACC_main:inst|transceivers:\ACDCintercom0:0:xTRANSCEIVERS|lvds_transceivers:xlvds_transceivers|altlvds_rx0:inst|altlvds_rx:ALTLVDS_RX_component|altlvds_rx0_lvds_rx1:auto_generated|wire_pll_sclk_outclk'
Slack : -1.458
TNS   : -21.720

Type  : Fast 1100mV 0C Model Setup 'ACC_main:inst|Clock_Manager:xCLOCKS|pll_block:xPLL_BLOCK|pll_block_0002:pll_block_inst|altera_pll:altera_pll_i|outclk_wire[2]'
Slack : 2.394
TNS   : 0.000

Type  : Fast 1100mV 0C Model Setup 'ACC_main:inst|Clock_Manager:xCLOCKS|pll_block_transceivers:xPLL_BLOCK_3|pll_block_transceivers_0002:pll_block_transceivers_inst|altera_pll:altera_pll_i|outclk_wire[0]'
Slack : 12.581
TNS   : 0.000

Type  : Fast 1100mV 0C Model Setup 'altera_reserved_tck'
Slack : 12.686
TNS   : 0.000

Type  : Fast 1100mV 0C Model Setup 'ACC_main:inst|transceivers:\ACDCintercom0:4:xTRANSCEIVERS|lvds_transceivers:xlvds_transceivers|altlvds_rx0:inst|altlvds_rx:ALTLVDS_RX_component|altlvds_rx0_lvds_rx1:auto_generated|wire_pll_fclk_outclk'
Slack : 17.071
TNS   : 0.000

Type  : Fast 1100mV 0C Model Setup 'ACC_main:inst|Clock_Manager:xCLOCKS|pll_block_transceivers:xPLL_BLOCK_2|pll_block_transceivers_0002:pll_block_transceivers_inst|altera_pll:altera_pll_i|outclk_wire[0]'
Slack : 17.080
TNS   : 0.000

Type  : Fast 1100mV 0C Model Setup 'ACC_main:inst|transceivers:\ACDCintercom0:0:xTRANSCEIVERS|lvds_transceivers:xlvds_transceivers|altlvds_rx0:inst|altlvds_rx:ALTLVDS_RX_component|altlvds_rx0_lvds_rx1:auto_generated|wire_pll_fclk_outclk'
Slack : 23.097
TNS   : 0.000

Type  : Fast 1100mV 0C Model Setup 'ACC_main:inst|transceivers:\ACDCintercom0:4:xTRANSCEIVERS|lvds_transceivers:xlvds_transceivers|altlvds_rx0:inst|altlvds_rx:ALTLVDS_RX_component|altlvds_rx0_lvds_rx1:auto_generated|wire_pll_sclk_outclk'
Slack : 26.367
TNS   : 0.000

Type  : Fast 1100mV 0C Model Setup 'ACC_main:inst|transceivers:\ACDCintercom0:7:xTRANSCEIVERS|lvds_transceivers:xlvds_transceivers|altlvds_rx0:inst|altlvds_rx:ALTLVDS_RX_component|altlvds_rx0_lvds_rx1:auto_generated|wire_pll_sclk_outclk'
Slack : 26.725
TNS   : 0.000

Type  : Fast 1100mV 0C Model Setup 'ACC_main:inst|transceivers:\ACDCintercom0:6:xTRANSCEIVERS|lvds_transceivers:xlvds_transceivers|altlvds_rx0:inst|altlvds_rx:ALTLVDS_RX_component|altlvds_rx0_lvds_rx1:auto_generated|wire_pll_sclk_outclk'
Slack : 26.981
TNS   : 0.000

Type  : Fast 1100mV 0C Model Setup 'ACC_main:inst|transceivers:\ACDCintercom0:5:xTRANSCEIVERS|lvds_transceivers:xlvds_transceivers|altlvds_rx0:inst|altlvds_rx:ALTLVDS_RX_component|altlvds_rx0_lvds_rx1:auto_generated|wire_pll_sclk_outclk'
Slack : 29.173
TNS   : 0.000

Type  : Fast 1100mV 0C Model Setup 'ACC_main:inst|Clock_Manager:xCLOCKS|pll_block:xPLL_BLOCK|pll_block_0002:pll_block_inst|altera_pll:altera_pll_i|outclk_wire[1]'
Slack : 997.163
TNS   : 0.000

Type  : Fast 1100mV 0C Model Hold 'ACC_main:inst|transceivers:\ACDCintercom0:2:xTRANSCEIVERS|lvds_transceivers:xlvds_transceivers|altlvds_rx0:inst|altlvds_rx:ALTLVDS_RX_component|altlvds_rx0_lvds_rx1:auto_generated|wire_pll_sclk_outclk'
Slack : -0.287
TNS   : -3.185

Type  : Fast 1100mV 0C Model Hold 'ACC_main:inst|transceivers:\ACDCintercom0:1:xTRANSCEIVERS|lvds_transceivers:xlvds_transceivers|altlvds_rx0:inst|altlvds_rx:ALTLVDS_RX_component|altlvds_rx0_lvds_rx1:auto_generated|wire_pll_sclk_outclk'
Slack : -0.244
TNS   : -3.065

Type  : Fast 1100mV 0C Model Hold 'ACC_main:inst|transceivers:\ACDCintercom0:3:xTRANSCEIVERS|lvds_transceivers:xlvds_transceivers|altlvds_rx0:inst|altlvds_rx:ALTLVDS_RX_component|altlvds_rx0_lvds_rx1:auto_generated|wire_pll_sclk_outclk'
Slack : -0.227
TNS   : -4.126

Type  : Fast 1100mV 0C Model Hold 'ACC_main:inst|transceivers:\ACDCintercom0:0:xTRANSCEIVERS|lvds_transceivers:xlvds_transceivers|altlvds_rx0:inst|altlvds_rx:ALTLVDS_RX_component|altlvds_rx0_lvds_rx1:auto_generated|wire_pll_sclk_outclk'
Slack : -0.188
TNS   : -2.786

Type  : Fast 1100mV 0C Model Hold 'USB_IFCLK'
Slack : 0.153
TNS   : 0.000

Type  : Fast 1100mV 0C Model Hold 'ACC_main:inst|Clock_Manager:xCLOCKS|pll_block:xPLL_BLOCK|pll_block_0002:pll_block_inst|altera_pll:altera_pll_i|outclk_wire[0]'
Slack : 0.156
TNS   : 0.000

Type  : Fast 1100mV 0C Model Hold 'ACC_main:inst|Clock_Manager:xCLOCKS|pll_block:xPLL_BLOCK|pll_block_0002:pll_block_inst|altera_pll:altera_pll_i|outclk_wire[1]'
Slack : 0.159
TNS   : 0.000

Type  : Fast 1100mV 0C Model Hold 'ACC_main:inst|transceivers:\ACDCintercom0:5:xTRANSCEIVERS|lvds_transceivers:xlvds_transceivers|altlvds_rx0:inst|altlvds_rx:ALTLVDS_RX_component|altlvds_rx0_lvds_rx1:auto_generated|wire_pll_sclk_outclk'
Slack : 0.171
TNS   : 0.000

Type  : Fast 1100mV 0C Model Hold 'ACC_main:inst|transceivers:\ACDCintercom0:7:xTRANSCEIVERS|lvds_transceivers:xlvds_transceivers|altlvds_rx0:inst|altlvds_rx:ALTLVDS_RX_component|altlvds_rx0_lvds_rx1:auto_generated|wire_pll_sclk_outclk'
Slack : 0.171
TNS   : 0.000

Type  : Fast 1100mV 0C Model Hold 'ACC_main:inst|transceivers:\ACDCintercom0:4:xTRANSCEIVERS|lvds_transceivers:xlvds_transceivers|altlvds_rx0:inst|altlvds_rx:ALTLVDS_RX_component|altlvds_rx0_lvds_rx1:auto_generated|wire_pll_sclk_outclk'
Slack : 0.177
TNS   : 0.000

Type  : Fast 1100mV 0C Model Hold 'ACC_main:inst|Clock_Manager:xCLOCKS|pll_block:xPLL_BLOCK|pll_block_0002:pll_block_inst|altera_pll:altera_pll_i|outclk_wire[2]'
Slack : 0.181
TNS   : 0.000

Type  : Fast 1100mV 0C Model Hold 'ACC_main:inst|transceivers:\ACDCintercom0:6:xTRANSCEIVERS|lvds_transceivers:xlvds_transceivers|altlvds_rx0:inst|altlvds_rx:ALTLVDS_RX_component|altlvds_rx0_lvds_rx1:auto_generated|wire_pll_sclk_outclk'
Slack : 0.188
TNS   : 0.000

Type  : Fast 1100mV 0C Model Hold 'altera_reserved_tck'
Slack : 0.200
TNS   : 0.000

Type  : Fast 1100mV 0C Model Hold 'ACC_main:inst|transceivers:\ACDCintercom0:4:xTRANSCEIVERS|lvds_transceivers:xlvds_transceivers|altlvds_rx0:inst|altlvds_rx:ALTLVDS_RX_component|altlvds_rx0_lvds_rx1:auto_generated|wire_pll_fclk_outclk'
Slack : 5.800
TNS   : 0.000

Type  : Fast 1100mV 0C Model Hold 'ACC_main:inst|transceivers:\ACDCintercom0:0:xTRANSCEIVERS|lvds_transceivers:xlvds_transceivers|altlvds_rx0:inst|altlvds_rx:ALTLVDS_RX_component|altlvds_rx0_lvds_rx1:auto_generated|wire_pll_fclk_outclk'
Slack : 5.922
TNS   : 0.000

Type  : Fast 1100mV 0C Model Hold 'ACC_main:inst|Clock_Manager:xCLOCKS|pll_block_transceivers:xPLL_BLOCK_2|pll_block_transceivers_0002:pll_block_transceivers_inst|altera_pll:altera_pll_i|outclk_wire[0]'
Slack : 12.956
TNS   : 0.000

Type  : Fast 1100mV 0C Model Hold 'ACC_main:inst|Clock_Manager:xCLOCKS|pll_block_transceivers:xPLL_BLOCK_3|pll_block_transceivers_0002:pll_block_transceivers_inst|altera_pll:altera_pll_i|outclk_wire[0]'
Slack : 13.102
TNS   : 0.000

Type  : Fast 1100mV 0C Model Recovery 'ACC_main:inst|Clock_Manager:xCLOCKS|pll_block:xPLL_BLOCK|pll_block_0002:pll_block_inst|altera_pll:altera_pll_i|outclk_wire[2]'
Slack : -2.408
TNS   : -25.073

Type  : Fast 1100mV 0C Model Recovery 'ACC_main:inst|Clock_Manager:xCLOCKS|pll_block:xPLL_BLOCK|pll_block_0002:pll_block_inst|altera_pll:altera_pll_i|outclk_wire[0]'
Slack : -2.356
TNS   : -641.021

Type  : Fast 1100mV 0C Model Recovery 'ACC_main:inst|transceivers:\ACDCintercom0:2:xTRANSCEIVERS|lvds_transceivers:xlvds_transceivers|altlvds_rx0:inst|altlvds_rx:ALTLVDS_RX_component|altlvds_rx0_lvds_rx1:auto_generated|wire_pll_sclk_outclk'
Slack : -1.642
TNS   : -99.514

Type  : Fast 1100mV 0C Model Recovery 'ACC_main:inst|transceivers:\ACDCintercom0:0:xTRANSCEIVERS|lvds_transceivers:xlvds_transceivers|altlvds_rx0:inst|altlvds_rx:ALTLVDS_RX_component|altlvds_rx0_lvds_rx1:auto_generated|wire_pll_sclk_outclk'
Slack : -1.559
TNS   : -109.274

Type  : Fast 1100mV 0C Model Recovery 'ACC_main:inst|transceivers:\ACDCintercom0:1:xTRANSCEIVERS|lvds_transceivers:xlvds_transceivers|altlvds_rx0:inst|altlvds_rx:ALTLVDS_RX_component|altlvds_rx0_lvds_rx1:auto_generated|wire_pll_sclk_outclk'
Slack : -1.557
TNS   : -96.869

Type  : Fast 1100mV 0C Model Recovery 'ACC_main:inst|transceivers:\ACDCintercom0:3:xTRANSCEIVERS|lvds_transceivers:xlvds_transceivers|altlvds_rx0:inst|altlvds_rx:ALTLVDS_RX_component|altlvds_rx0_lvds_rx1:auto_generated|wire_pll_sclk_outclk'
Slack : -1.511
TNS   : -96.943

Type  : Fast 1100mV 0C Model Recovery 'ACC_main:inst|transceivers:\ACDCintercom0:7:xTRANSCEIVERS|lvds_transceivers:xlvds_transceivers|altlvds_rx0:inst|altlvds_rx:ALTLVDS_RX_component|altlvds_rx0_lvds_rx1:auto_generated|wire_pll_sclk_outclk'
Slack : 4.551
TNS   : 0.000

Type  : Fast 1100mV 0C Model Recovery 'ACC_main:inst|transceivers:\ACDCintercom0:6:xTRANSCEIVERS|lvds_transceivers:xlvds_transceivers|altlvds_rx0:inst|altlvds_rx:ALTLVDS_RX_component|altlvds_rx0_lvds_rx1:auto_generated|wire_pll_sclk_outclk'
Slack : 4.563
TNS   : 0.000

Type  : Fast 1100mV 0C Model Recovery 'ACC_main:inst|transceivers:\ACDCintercom0:5:xTRANSCEIVERS|lvds_transceivers:xlvds_transceivers|altlvds_rx0:inst|altlvds_rx:ALTLVDS_RX_component|altlvds_rx0_lvds_rx1:auto_generated|wire_pll_sclk_outclk'
Slack : 4.713
TNS   : 0.000

Type  : Fast 1100mV 0C Model Recovery 'ACC_main:inst|transceivers:\ACDCintercom0:4:xTRANSCEIVERS|lvds_transceivers:xlvds_transceivers|altlvds_rx0:inst|altlvds_rx:ALTLVDS_RX_component|altlvds_rx0_lvds_rx1:auto_generated|wire_pll_sclk_outclk'
Slack : 4.843
TNS   : 0.000

Type  : Fast 1100mV 0C Model Recovery 'USB_IFCLK'
Slack : 10.391
TNS   : 0.000

Type  : Fast 1100mV 0C Model Recovery 'altera_reserved_tck'
Slack : 16.054
TNS   : 0.000

Type  : Fast 1100mV 0C Model Recovery 'ACC_main:inst|Clock_Manager:xCLOCKS|pll_block:xPLL_BLOCK|pll_block_0002:pll_block_inst|altera_pll:altera_pll_i|outclk_wire[1]'
Slack : 998.454
TNS   : 0.000

Type  : Fast 1100mV 0C Model Removal 'ACC_main:inst|transceivers:\ACDCintercom0:1:xTRANSCEIVERS|lvds_transceivers:xlvds_transceivers|altlvds_rx0:inst|altlvds_rx:ALTLVDS_RX_component|altlvds_rx0_lvds_rx1:auto_generated|wire_pll_sclk_outclk'
Slack : -0.316
TNS   : -17.426

Type  : Fast 1100mV 0C Model Removal 'ACC_main:inst|transceivers:\ACDCintercom0:0:xTRANSCEIVERS|lvds_transceivers:xlvds_transceivers|altlvds_rx0:inst|altlvds_rx:ALTLVDS_RX_component|altlvds_rx0_lvds_rx1:auto_generated|wire_pll_sclk_outclk'
Slack : -0.266
TNS   : -9.229

Type  : Fast 1100mV 0C Model Removal 'ACC_main:inst|transceivers:\ACDCintercom0:3:xTRANSCEIVERS|lvds_transceivers:xlvds_transceivers|altlvds_rx0:inst|altlvds_rx:ALTLVDS_RX_component|altlvds_rx0_lvds_rx1:auto_generated|wire_pll_sclk_outclk'
Slack : -0.263
TNS   : -10.264

Type  : Fast 1100mV 0C Model Removal 'ACC_main:inst|transceivers:\ACDCintercom0:2:xTRANSCEIVERS|lvds_transceivers:xlvds_transceivers|altlvds_rx0:inst|altlvds_rx:ALTLVDS_RX_component|altlvds_rx0_lvds_rx1:auto_generated|wire_pll_sclk_outclk'
Slack : -0.180
TNS   : -6.754

Type  : Fast 1100mV 0C Model Removal 'altera_reserved_tck'
Slack : 0.317
TNS   : 0.000

Type  : Fast 1100mV 0C Model Removal 'USB_IFCLK'
Slack : 0.453
TNS   : 0.000

Type  : Fast 1100mV 0C Model Removal 'ACC_main:inst|transceivers:\ACDCintercom0:4:xTRANSCEIVERS|lvds_transceivers:xlvds_transceivers|altlvds_rx0:inst|altlvds_rx:ALTLVDS_RX_component|altlvds_rx0_lvds_rx1:auto_generated|wire_pll_sclk_outclk'
Slack : 0.513
TNS   : 0.000

Type  : Fast 1100mV 0C Model Removal 'ACC_main:inst|transceivers:\ACDCintercom0:7:xTRANSCEIVERS|lvds_transceivers:xlvds_transceivers|altlvds_rx0:inst|altlvds_rx:ALTLVDS_RX_component|altlvds_rx0_lvds_rx1:auto_generated|wire_pll_sclk_outclk'
Slack : 0.570
TNS   : 0.000

Type  : Fast 1100mV 0C Model Removal 'ACC_main:inst|Clock_Manager:xCLOCKS|pll_block:xPLL_BLOCK|pll_block_0002:pll_block_inst|altera_pll:altera_pll_i|outclk_wire[0]'
Slack : 0.586
TNS   : 0.000

Type  : Fast 1100mV 0C Model Removal 'ACC_main:inst|transceivers:\ACDCintercom0:5:xTRANSCEIVERS|lvds_transceivers:xlvds_transceivers|altlvds_rx0:inst|altlvds_rx:ALTLVDS_RX_component|altlvds_rx0_lvds_rx1:auto_generated|wire_pll_sclk_outclk'
Slack : 0.588
TNS   : 0.000

Type  : Fast 1100mV 0C Model Removal 'ACC_main:inst|Clock_Manager:xCLOCKS|pll_block:xPLL_BLOCK|pll_block_0002:pll_block_inst|altera_pll:altera_pll_i|outclk_wire[2]'
Slack : 0.960
TNS   : 0.000

Type  : Fast 1100mV 0C Model Removal 'ACC_main:inst|transceivers:\ACDCintercom0:6:xTRANSCEIVERS|lvds_transceivers:xlvds_transceivers|altlvds_rx0:inst|altlvds_rx:ALTLVDS_RX_component|altlvds_rx0_lvds_rx1:auto_generated|wire_pll_sclk_outclk'
Slack : 0.975
TNS   : 0.000

Type  : Fast 1100mV 0C Model Removal 'ACC_main:inst|Clock_Manager:xCLOCKS|pll_block:xPLL_BLOCK|pll_block_0002:pll_block_inst|altera_pll:altera_pll_i|outclk_wire[1]'
Slack : 1.094
TNS   : 0.000

Type  : Fast 1100mV 0C Model Minimum Pulse Width 'ACC_main:inst|transceivers:\ACDCintercom0:0:xTRANSCEIVERS|lvds_transceivers:xlvds_transceivers|altlvds_rx0:inst|altlvds_rx:ALTLVDS_RX_component|altlvds_rx0_lvds_rx1:auto_generated|pll_sclk~FRACTIONAL_PLL_O_VCOPH0'
Slack : 0.996
TNS   : 0.000

Type  : Fast 1100mV 0C Model Minimum Pulse Width 'ACC_main:inst|transceivers:\ACDCintercom0:4:xTRANSCEIVERS|lvds_transceivers:xlvds_transceivers|altlvds_rx0:inst|altlvds_rx:ALTLVDS_RX_component|altlvds_rx0_lvds_rx1:auto_generated|pll_sclk~FRACTIONAL_PLL_O_VCOPH0'
Slack : 0.996
TNS   : 0.000

Type  : Fast 1100mV 0C Model Minimum Pulse Width 'ACC_main:inst|Clock_Manager:xCLOCKS|pll_block:xPLL_BLOCK|pll_block_0002:pll_block_inst|altera_pll:altera_pll_i|general[0].gpll~FRACTIONAL_PLL_O_VCOPH0'
Slack : 1.333
TNS   : 0.000

Type  : Fast 1100mV 0C Model Minimum Pulse Width 'ACC_main:inst|Clock_Manager:xCLOCKS|pll_block_transceivers:xPLL_BLOCK_2|pll_block_transceivers_0002:pll_block_transceivers_inst|altera_pll:altera_pll_i|general[0].gpll~FRACTIONAL_PLL_O_VCOPH0'
Slack : 1.600
TNS   : 0.000

Type  : Fast 1100mV 0C Model Minimum Pulse Width 'ACC_main:inst|Clock_Manager:xCLOCKS|pll_block_transceivers:xPLL_BLOCK_3|pll_block_transceivers_0002:pll_block_transceivers_inst|altera_pll:altera_pll_i|general[0].gpll~FRACTIONAL_PLL_O_VCOPH0'
Slack : 1.600
TNS   : 0.000

Type  : Fast 1100mV 0C Model Minimum Pulse Width 'ACC_main:inst|transceivers:\ACDCintercom0:0:xTRANSCEIVERS|lvds_transceivers:xlvds_transceivers|altlvds_rx0:inst|altlvds_rx:ALTLVDS_RX_component|altlvds_rx0_lvds_rx1:auto_generated|wire_pll_fclk_outclk'
Slack : 1.959
TNS   : 0.000

Type  : Fast 1100mV 0C Model Minimum Pulse Width 'ACC_main:inst|transceivers:\ACDCintercom0:4:xTRANSCEIVERS|lvds_transceivers:xlvds_transceivers|altlvds_rx0:inst|altlvds_rx:ALTLVDS_RX_component|altlvds_rx0_lvds_rx1:auto_generated|wire_pll_fclk_outclk'
Slack : 1.959
TNS   : 0.000

Type  : Fast 1100mV 0C Model Minimum Pulse Width 'ACC_main:inst|Clock_Manager:xCLOCKS|pll_block:xPLL_BLOCK|pll_block_0002:pll_block_inst|altera_pll:altera_pll_i|outclk_wire[2]'
Slack : 3.533
TNS   : 0.000

Type  : Fast 1100mV 0C Model Minimum Pulse Width 'CLOCKIN'
Slack : 3.968
TNS   : 0.000

Type  : Fast 1100mV 0C Model Minimum Pulse Width 'CLOCKIN1'
Slack : 3.969
TNS   : 0.000

Type  : Fast 1100mV 0C Model Minimum Pulse Width 'CLOCKIN2'
Slack : 3.969
TNS   : 0.000

Type  : Fast 1100mV 0C Model Minimum Pulse Width 'USB_IFCLK'
Slack : 9.366
TNS   : 0.000

Type  : Fast 1100mV 0C Model Minimum Pulse Width 'ACC_main:inst|transceivers:\ACDCintercom0:1:xTRANSCEIVERS|lvds_transceivers:xlvds_transceivers|altlvds_rx0:inst|altlvds_rx:ALTLVDS_RX_component|altlvds_rx0_lvds_rx1:auto_generated|wire_pll_sclk_outclk'
Slack : 15.050
TNS   : 0.000

Type  : Fast 1100mV 0C Model Minimum Pulse Width 'ACC_main:inst|transceivers:\ACDCintercom0:0:xTRANSCEIVERS|lvds_transceivers:xlvds_transceivers|altlvds_rx0:inst|altlvds_rx:ALTLVDS_RX_component|altlvds_rx0_lvds_rx1:auto_generated|wire_pll_sclk_outclk'
Slack : 15.051
TNS   : 0.000

Type  : Fast 1100mV 0C Model Minimum Pulse Width 'ACC_main:inst|transceivers:\ACDCintercom0:2:xTRANSCEIVERS|lvds_transceivers:xlvds_transceivers|altlvds_rx0:inst|altlvds_rx:ALTLVDS_RX_component|altlvds_rx0_lvds_rx1:auto_generated|wire_pll_sclk_outclk'
Slack : 15.051
TNS   : 0.000

Type  : Fast 1100mV 0C Model Minimum Pulse Width 'ACC_main:inst|transceivers:\ACDCintercom0:3:xTRANSCEIVERS|lvds_transceivers:xlvds_transceivers|altlvds_rx0:inst|altlvds_rx:ALTLVDS_RX_component|altlvds_rx0_lvds_rx1:auto_generated|wire_pll_sclk_outclk'
Slack : 15.051
TNS   : 0.000

Type  : Fast 1100mV 0C Model Minimum Pulse Width 'altera_reserved_tck'
Slack : 15.269
TNS   : 0.000

Type  : Fast 1100mV 0C Model Minimum Pulse Width 'ACC_main:inst|transceivers:\ACDCintercom0:4:xTRANSCEIVERS|lvds_transceivers:xlvds_transceivers|altlvds_rx0:inst|altlvds_rx:ALTLVDS_RX_component|altlvds_rx0_lvds_rx1:auto_generated|wire_pll_sclk_outclk'
Slack : 15.504
TNS   : 0.000

Type  : Fast 1100mV 0C Model Minimum Pulse Width 'ACC_main:inst|transceivers:\ACDCintercom0:7:xTRANSCEIVERS|lvds_transceivers:xlvds_transceivers|altlvds_rx0:inst|altlvds_rx:ALTLVDS_RX_component|altlvds_rx0_lvds_rx1:auto_generated|wire_pll_sclk_outclk'
Slack : 15.504
TNS   : 0.000

Type  : Fast 1100mV 0C Model Minimum Pulse Width 'ACC_main:inst|transceivers:\ACDCintercom0:5:xTRANSCEIVERS|lvds_transceivers:xlvds_transceivers|altlvds_rx0:inst|altlvds_rx:ALTLVDS_RX_component|altlvds_rx0_lvds_rx1:auto_generated|wire_pll_sclk_outclk'
Slack : 15.506
TNS   : 0.000

Type  : Fast 1100mV 0C Model Minimum Pulse Width 'ACC_main:inst|transceivers:\ACDCintercom0:6:xTRANSCEIVERS|lvds_transceivers:xlvds_transceivers|altlvds_rx0:inst|altlvds_rx:ALTLVDS_RX_component|altlvds_rx0_lvds_rx1:auto_generated|wire_pll_sclk_outclk'
Slack : 15.506
TNS   : 0.000

Type  : Fast 1100mV 0C Model Minimum Pulse Width 'ACC_main:inst|Clock_Manager:xCLOCKS|pll_block_transceivers:xPLL_BLOCK_2|pll_block_transceivers_0002:pll_block_transceivers_inst|altera_pll:altera_pll_i|outclk_wire[0]'
Slack : 15.525
TNS   : 0.000

Type  : Fast 1100mV 0C Model Minimum Pulse Width 'ACC_main:inst|Clock_Manager:xCLOCKS|pll_block:xPLL_BLOCK|pll_block_0002:pll_block_inst|altera_pll:altera_pll_i|outclk_wire[0]'
Slack : 15.530
TNS   : 0.000

Type  : Fast 1100mV 0C Model Minimum Pulse Width 'ACC_main:inst|Clock_Manager:xCLOCKS|pll_block_transceivers:xPLL_BLOCK_3|pll_block_transceivers_0002:pll_block_transceivers_inst|altera_pll:altera_pll_i|outclk_wire[0]'
Slack : 15.531
TNS   : 0.000

Type  : Fast 1100mV 0C Model Minimum Pulse Width 'ACC_main:inst|Clock_Manager:xCLOCKS|pll_block:xPLL_BLOCK|pll_block_0002:pll_block_inst|altera_pll:altera_pll_i|outclk_wire[1]'
Slack : 499.541
TNS   : 0.000

------------------------------------------------------------
