------------------------------------------------------------
Timing Analyzer Summary
------------------------------------------------------------

Type  : Slow 1100mV 85C Model Setup 'ACC_main:inst|Clock_Manager:xCLOCKS|pll_block:xPLL_BLOCK|pll_block_0002:pll_block_inst|altera_pll:altera_pll_i|outclk_wire[0]'
Slack : -5.997
TNS   : -593.795

Type  : Slow 1100mV 85C Model Setup 'USB_IFCLK'
Slack : -3.190
TNS   : -88.562

Type  : Slow 1100mV 85C Model Setup 'ACC_main:inst|Clock_Manager:xCLOCKS|pll_block:xPLL_BLOCK|pll_block_0002:pll_block_inst|altera_pll:altera_pll_i|outclk_wire[2]'
Slack : 0.548
TNS   : 0.000

Type  : Slow 1100mV 85C Model Setup 'altera_reserved_tck'
Slack : 10.523
TNS   : 0.000

Type  : Slow 1100mV 85C Model Setup 'ACC_main:inst|Clock_Manager:xCLOCKS|pll_block:xPLL_BLOCK|pll_block_0002:pll_block_inst|altera_pll:altera_pll_i|outclk_wire[1]'
Slack : 996.293
TNS   : 0.000

Type  : Slow 1100mV 85C Model Hold 'ACC_main:inst|Clock_Manager:xCLOCKS|pll_block:xPLL_BLOCK|pll_block_0002:pll_block_inst|altera_pll:altera_pll_i|outclk_wire[0]'
Slack : 0.189
TNS   : 0.000

Type  : Slow 1100mV 85C Model Hold 'ACC_main:inst|Clock_Manager:xCLOCKS|pll_block:xPLL_BLOCK|pll_block_0002:pll_block_inst|altera_pll:altera_pll_i|outclk_wire[2]'
Slack : 0.253
TNS   : 0.000

Type  : Slow 1100mV 85C Model Hold 'USB_IFCLK'
Slack : 0.253
TNS   : 0.000

Type  : Slow 1100mV 85C Model Hold 'ACC_main:inst|Clock_Manager:xCLOCKS|pll_block:xPLL_BLOCK|pll_block_0002:pll_block_inst|altera_pll:altera_pll_i|outclk_wire[1]'
Slack : 0.292
TNS   : 0.000

Type  : Slow 1100mV 85C Model Hold 'altera_reserved_tck'
Slack : 0.452
TNS   : 0.000

Type  : Slow 1100mV 85C Model Recovery 'ACC_main:inst|Clock_Manager:xCLOCKS|pll_block:xPLL_BLOCK|pll_block_0002:pll_block_inst|altera_pll:altera_pll_i|outclk_wire[2]'
Slack : -6.006
TNS   : -70.941

Type  : Slow 1100mV 85C Model Recovery 'ACC_main:inst|Clock_Manager:xCLOCKS|pll_block:xPLL_BLOCK|pll_block_0002:pll_block_inst|altera_pll:altera_pll_i|outclk_wire[0]'
Slack : -5.994
TNS   : -2430.592

Type  : Slow 1100mV 85C Model Recovery 'USB_IFCLK'
Slack : 8.823
TNS   : 0.000

Type  : Slow 1100mV 85C Model Recovery 'altera_reserved_tck'
Slack : 30.966
TNS   : 0.000

Type  : Slow 1100mV 85C Model Recovery 'ACC_main:inst|Clock_Manager:xCLOCKS|pll_block:xPLL_BLOCK|pll_block_0002:pll_block_inst|altera_pll:altera_pll_i|outclk_wire[1]'
Slack : 995.978
TNS   : 0.000

Type  : Slow 1100mV 85C Model Removal 'altera_reserved_tck'
Slack : 0.748
TNS   : 0.000

Type  : Slow 1100mV 85C Model Removal 'USB_IFCLK'
Slack : 0.802
TNS   : 0.000

Type  : Slow 1100mV 85C Model Removal 'ACC_main:inst|Clock_Manager:xCLOCKS|pll_block:xPLL_BLOCK|pll_block_0002:pll_block_inst|altera_pll:altera_pll_i|outclk_wire[0]'
Slack : 1.072
TNS   : 0.000

Type  : Slow 1100mV 85C Model Removal 'ACC_main:inst|Clock_Manager:xCLOCKS|pll_block:xPLL_BLOCK|pll_block_0002:pll_block_inst|altera_pll:altera_pll_i|outclk_wire[2]'
Slack : 2.149
TNS   : 0.000

Type  : Slow 1100mV 85C Model Removal 'ACC_main:inst|Clock_Manager:xCLOCKS|pll_block:xPLL_BLOCK|pll_block_0002:pll_block_inst|altera_pll:altera_pll_i|outclk_wire[1]'
Slack : 2.926
TNS   : 0.000

Type  : Slow 1100mV 85C Model Minimum Pulse Width 'ACC_main:inst|Clock_Manager:xCLOCKS|pll_block:xPLL_BLOCK|pll_block_0002:pll_block_inst|altera_pll:altera_pll_i|general[0].gpll~FRACTIONAL_PLL_O_VCOPH0'
Slack : 1.562
TNS   : 0.000

Type  : Slow 1100mV 85C Model Minimum Pulse Width 'ACC_main:inst|Clock_Manager:xCLOCKS|pll_block:xPLL_BLOCK|pll_block_0002:pll_block_inst|altera_pll:altera_pll_i|outclk_wire[2]'
Slack : 2.113
TNS   : 0.000

Type  : Slow 1100mV 85C Model Minimum Pulse Width 'CLOCKIN'
Slack : 3.981
TNS   : 0.000

Type  : Slow 1100mV 85C Model Minimum Pulse Width 'USB_IFCLK'
Slack : 9.550
TNS   : 0.000

Type  : Slow 1100mV 85C Model Minimum Pulse Width 'ACC_main:inst|Clock_Manager:xCLOCKS|pll_block:xPLL_BLOCK|pll_block_0002:pll_block_inst|altera_pll:altera_pll_i|outclk_wire[0]'
Slack : 11.490
TNS   : 0.000

Type  : Slow 1100mV 85C Model Minimum Pulse Width 'altera_reserved_tck'
Slack : 15.324
TNS   : 0.000

Type  : Slow 1100mV 85C Model Minimum Pulse Width 'ACC_main:inst|Clock_Manager:xCLOCKS|pll_block:xPLL_BLOCK|pll_block_0002:pll_block_inst|altera_pll:altera_pll_i|outclk_wire[1]'
Slack : 499.315
TNS   : 0.000

Type  : Slow 1100mV 0C Model Setup 'ACC_main:inst|Clock_Manager:xCLOCKS|pll_block:xPLL_BLOCK|pll_block_0002:pll_block_inst|altera_pll:altera_pll_i|outclk_wire[0]'
Slack : -5.646
TNS   : -562.487

Type  : Slow 1100mV 0C Model Setup 'USB_IFCLK'
Slack : -3.008
TNS   : -83.676

Type  : Slow 1100mV 0C Model Setup 'ACC_main:inst|Clock_Manager:xCLOCKS|pll_block:xPLL_BLOCK|pll_block_0002:pll_block_inst|altera_pll:altera_pll_i|outclk_wire[2]'
Slack : 0.676
TNS   : 0.000

Type  : Slow 1100mV 0C Model Setup 'altera_reserved_tck'
Slack : 10.650
TNS   : 0.000

Type  : Slow 1100mV 0C Model Setup 'ACC_main:inst|Clock_Manager:xCLOCKS|pll_block:xPLL_BLOCK|pll_block_0002:pll_block_inst|altera_pll:altera_pll_i|outclk_wire[1]'
Slack : 996.228
TNS   : 0.000

Type  : Slow 1100mV 0C Model Hold 'ACC_main:inst|Clock_Manager:xCLOCKS|pll_block:xPLL_BLOCK|pll_block_0002:pll_block_inst|altera_pll:altera_pll_i|outclk_wire[0]'
Slack : 0.209
TNS   : 0.000

Type  : Slow 1100mV 0C Model Hold 'ACC_main:inst|Clock_Manager:xCLOCKS|pll_block:xPLL_BLOCK|pll_block_0002:pll_block_inst|altera_pll:altera_pll_i|outclk_wire[2]'
Slack : 0.228
TNS   : 0.000

Type  : Slow 1100mV 0C Model Hold 'USB_IFCLK'
Slack : 0.232
TNS   : 0.000

Type  : Slow 1100mV 0C Model Hold 'ACC_main:inst|Clock_Manager:xCLOCKS|pll_block:xPLL_BLOCK|pll_block_0002:pll_block_inst|altera_pll:altera_pll_i|outclk_wire[1]'
Slack : 0.267
TNS   : 0.000

Type  : Slow 1100mV 0C Model Hold 'altera_reserved_tck'
Slack : 0.487
TNS   : 0.000

Type  : Slow 1100mV 0C Model Recovery 'ACC_main:inst|Clock_Manager:xCLOCKS|pll_block:xPLL_BLOCK|pll_block_0002:pll_block_inst|altera_pll:altera_pll_i|outclk_wire[2]'
Slack : -5.722
TNS   : -67.559

Type  : Slow 1100mV 0C Model Recovery 'ACC_main:inst|Clock_Manager:xCLOCKS|pll_block:xPLL_BLOCK|pll_block_0002:pll_block_inst|altera_pll:altera_pll_i|outclk_wire[0]'
Slack : -5.703
TNS   : -2313.854

Type  : Slow 1100mV 0C Model Recovery 'USB_IFCLK'
Slack : 9.006
TNS   : 0.000

Type  : Slow 1100mV 0C Model Recovery 'altera_reserved_tck'
Slack : 31.131
TNS   : 0.000

Type  : Slow 1100mV 0C Model Recovery 'ACC_main:inst|Clock_Manager:xCLOCKS|pll_block:xPLL_BLOCK|pll_block_0002:pll_block_inst|altera_pll:altera_pll_i|outclk_wire[1]'
Slack : 996.206
TNS   : 0.000

Type  : Slow 1100mV 0C Model Removal 'USB_IFCLK'
Slack : 0.639
TNS   : 0.000

Type  : Slow 1100mV 0C Model Removal 'altera_reserved_tck'
Slack : 0.692
TNS   : 0.000

Type  : Slow 1100mV 0C Model Removal 'ACC_main:inst|Clock_Manager:xCLOCKS|pll_block:xPLL_BLOCK|pll_block_0002:pll_block_inst|altera_pll:altera_pll_i|outclk_wire[0]'
Slack : 0.993
TNS   : 0.000

Type  : Slow 1100mV 0C Model Removal 'ACC_main:inst|Clock_Manager:xCLOCKS|pll_block:xPLL_BLOCK|pll_block_0002:pll_block_inst|altera_pll:altera_pll_i|outclk_wire[2]'
Slack : 2.038
TNS   : 0.000

Type  : Slow 1100mV 0C Model Removal 'ACC_main:inst|Clock_Manager:xCLOCKS|pll_block:xPLL_BLOCK|pll_block_0002:pll_block_inst|altera_pll:altera_pll_i|outclk_wire[1]'
Slack : 2.716
TNS   : 0.000

Type  : Slow 1100mV 0C Model Minimum Pulse Width 'ACC_main:inst|Clock_Manager:xCLOCKS|pll_block:xPLL_BLOCK|pll_block_0002:pll_block_inst|altera_pll:altera_pll_i|general[0].gpll~FRACTIONAL_PLL_O_VCOPH0'
Slack : 1.562
TNS   : 0.000

Type  : Slow 1100mV 0C Model Minimum Pulse Width 'ACC_main:inst|Clock_Manager:xCLOCKS|pll_block:xPLL_BLOCK|pll_block_0002:pll_block_inst|altera_pll:altera_pll_i|outclk_wire[2]'
Slack : 2.107
TNS   : 0.000

Type  : Slow 1100mV 0C Model Minimum Pulse Width 'CLOCKIN'
Slack : 3.989
TNS   : 0.000

Type  : Slow 1100mV 0C Model Minimum Pulse Width 'USB_IFCLK'
Slack : 9.541
TNS   : 0.000

Type  : Slow 1100mV 0C Model Minimum Pulse Width 'ACC_main:inst|Clock_Manager:xCLOCKS|pll_block:xPLL_BLOCK|pll_block_0002:pll_block_inst|altera_pll:altera_pll_i|outclk_wire[0]'
Slack : 11.496
TNS   : 0.000

Type  : Slow 1100mV 0C Model Minimum Pulse Width 'altera_reserved_tck'
Slack : 15.260
TNS   : 0.000

Type  : Slow 1100mV 0C Model Minimum Pulse Width 'ACC_main:inst|Clock_Manager:xCLOCKS|pll_block:xPLL_BLOCK|pll_block_0002:pll_block_inst|altera_pll:altera_pll_i|outclk_wire[1]'
Slack : 499.290
TNS   : 0.000

Type  : Fast 1100mV 85C Model Setup 'ACC_main:inst|Clock_Manager:xCLOCKS|pll_block:xPLL_BLOCK|pll_block_0002:pll_block_inst|altera_pll:altera_pll_i|outclk_wire[0]'
Slack : -3.479
TNS   : -339.846

Type  : Fast 1100mV 85C Model Setup 'USB_IFCLK'
Slack : -2.445
TNS   : -66.909

Type  : Fast 1100mV 85C Model Setup 'ACC_main:inst|Clock_Manager:xCLOCKS|pll_block:xPLL_BLOCK|pll_block_0002:pll_block_inst|altera_pll:altera_pll_i|outclk_wire[2]'
Slack : 1.421
TNS   : 0.000

Type  : Fast 1100mV 85C Model Setup 'altera_reserved_tck'
Slack : 12.916
TNS   : 0.000

Type  : Fast 1100mV 85C Model Setup 'ACC_main:inst|Clock_Manager:xCLOCKS|pll_block:xPLL_BLOCK|pll_block_0002:pll_block_inst|altera_pll:altera_pll_i|outclk_wire[1]'
Slack : 997.794
TNS   : 0.000

Type  : Fast 1100mV 85C Model Hold 'ACC_main:inst|Clock_Manager:xCLOCKS|pll_block:xPLL_BLOCK|pll_block_0002:pll_block_inst|altera_pll:altera_pll_i|outclk_wire[0]'
Slack : 0.149
TNS   : 0.000

Type  : Fast 1100mV 85C Model Hold 'USB_IFCLK'
Slack : 0.163
TNS   : 0.000

Type  : Fast 1100mV 85C Model Hold 'ACC_main:inst|Clock_Manager:xCLOCKS|pll_block:xPLL_BLOCK|pll_block_0002:pll_block_inst|altera_pll:altera_pll_i|outclk_wire[2]'
Slack : 0.166
TNS   : 0.000

Type  : Fast 1100mV 85C Model Hold 'ACC_main:inst|Clock_Manager:xCLOCKS|pll_block:xPLL_BLOCK|pll_block_0002:pll_block_inst|altera_pll:altera_pll_i|outclk_wire[1]'
Slack : 0.177
TNS   : 0.000

Type  : Fast 1100mV 85C Model Hold 'altera_reserved_tck'
Slack : 0.217
TNS   : 0.000

Type  : Fast 1100mV 85C Model Recovery 'ACC_main:inst|Clock_Manager:xCLOCKS|pll_block:xPLL_BLOCK|pll_block_0002:pll_block_inst|altera_pll:altera_pll_i|outclk_wire[2]'
Slack : -3.620
TNS   : -42.427

Type  : Fast 1100mV 85C Model Recovery 'ACC_main:inst|Clock_Manager:xCLOCKS|pll_block:xPLL_BLOCK|pll_block_0002:pll_block_inst|altera_pll:altera_pll_i|outclk_wire[0]'
Slack : -3.552
TNS   : -1421.580

Type  : Fast 1100mV 85C Model Recovery 'USB_IFCLK'
Slack : 9.512
TNS   : 0.000

Type  : Fast 1100mV 85C Model Recovery 'altera_reserved_tck'
Slack : 31.636
TNS   : 0.000

Type  : Fast 1100mV 85C Model Recovery 'ACC_main:inst|Clock_Manager:xCLOCKS|pll_block:xPLL_BLOCK|pll_block_0002:pll_block_inst|altera_pll:altera_pll_i|outclk_wire[1]'
Slack : 997.286
TNS   : 0.000

Type  : Fast 1100mV 85C Model Removal 'altera_reserved_tck'
Slack : 0.405
TNS   : 0.000

Type  : Fast 1100mV 85C Model Removal 'USB_IFCLK'
Slack : 0.525
TNS   : 0.000

Type  : Fast 1100mV 85C Model Removal 'ACC_main:inst|Clock_Manager:xCLOCKS|pll_block:xPLL_BLOCK|pll_block_0002:pll_block_inst|altera_pll:altera_pll_i|outclk_wire[0]'
Slack : 0.688
TNS   : 0.000

Type  : Fast 1100mV 85C Model Removal 'ACC_main:inst|Clock_Manager:xCLOCKS|pll_block:xPLL_BLOCK|pll_block_0002:pll_block_inst|altera_pll:altera_pll_i|outclk_wire[2]'
Slack : 1.262
TNS   : 0.000

Type  : Fast 1100mV 85C Model Removal 'ACC_main:inst|Clock_Manager:xCLOCKS|pll_block:xPLL_BLOCK|pll_block_0002:pll_block_inst|altera_pll:altera_pll_i|outclk_wire[1]'
Slack : 1.777
TNS   : 0.000

Type  : Fast 1100mV 85C Model Minimum Pulse Width 'ACC_main:inst|Clock_Manager:xCLOCKS|pll_block:xPLL_BLOCK|pll_block_0002:pll_block_inst|altera_pll:altera_pll_i|general[0].gpll~FRACTIONAL_PLL_O_VCOPH0'
Slack : 1.562
TNS   : 0.000

Type  : Fast 1100mV 85C Model Minimum Pulse Width 'ACC_main:inst|Clock_Manager:xCLOCKS|pll_block:xPLL_BLOCK|pll_block_0002:pll_block_inst|altera_pll:altera_pll_i|outclk_wire[2]'
Slack : 2.205
TNS   : 0.000

Type  : Fast 1100mV 85C Model Minimum Pulse Width 'CLOCKIN'
Slack : 3.968
TNS   : 0.000

Type  : Fast 1100mV 85C Model Minimum Pulse Width 'USB_IFCLK'
Slack : 9.386
TNS   : 0.000

Type  : Fast 1100mV 85C Model Minimum Pulse Width 'ACC_main:inst|Clock_Manager:xCLOCKS|pll_block:xPLL_BLOCK|pll_block_0002:pll_block_inst|altera_pll:altera_pll_i|outclk_wire[0]'
Slack : 11.585
TNS   : 0.000

Type  : Fast 1100mV 85C Model Minimum Pulse Width 'altera_reserved_tck'
Slack : 14.948
TNS   : 0.000

Type  : Fast 1100mV 85C Model Minimum Pulse Width 'ACC_main:inst|Clock_Manager:xCLOCKS|pll_block:xPLL_BLOCK|pll_block_0002:pll_block_inst|altera_pll:altera_pll_i|outclk_wire[1]'
Slack : 499.551
TNS   : 0.000

Type  : Fast 1100mV 0C Model Setup 'ACC_main:inst|Clock_Manager:xCLOCKS|pll_block:xPLL_BLOCK|pll_block_0002:pll_block_inst|altera_pll:altera_pll_i|outclk_wire[0]'
Slack : -3.296
TNS   : -325.862

Type  : Fast 1100mV 0C Model Setup 'USB_IFCLK'
Slack : -2.034
TNS   : -55.771

Type  : Fast 1100mV 0C Model Setup 'ACC_main:inst|Clock_Manager:xCLOCKS|pll_block:xPLL_BLOCK|pll_block_0002:pll_block_inst|altera_pll:altera_pll_i|outclk_wire[2]'
Slack : 1.587
TNS   : 0.000

Type  : Fast 1100mV 0C Model Setup 'altera_reserved_tck'
Slack : 13.307
TNS   : 0.000

Type  : Fast 1100mV 0C Model Setup 'ACC_main:inst|Clock_Manager:xCLOCKS|pll_block:xPLL_BLOCK|pll_block_0002:pll_block_inst|altera_pll:altera_pll_i|outclk_wire[1]'
Slack : 998.009
TNS   : 0.000

Type  : Fast 1100mV 0C Model Hold 'ACC_main:inst|Clock_Manager:xCLOCKS|pll_block:xPLL_BLOCK|pll_block_0002:pll_block_inst|altera_pll:altera_pll_i|outclk_wire[2]'
Slack : 0.127
TNS   : 0.000

Type  : Fast 1100mV 0C Model Hold 'ACC_main:inst|Clock_Manager:xCLOCKS|pll_block:xPLL_BLOCK|pll_block_0002:pll_block_inst|altera_pll:altera_pll_i|outclk_wire[0]'
Slack : 0.134
TNS   : 0.000

Type  : Fast 1100mV 0C Model Hold 'USB_IFCLK'
Slack : 0.152
TNS   : 0.000

Type  : Fast 1100mV 0C Model Hold 'ACC_main:inst|Clock_Manager:xCLOCKS|pll_block:xPLL_BLOCK|pll_block_0002:pll_block_inst|altera_pll:altera_pll_i|outclk_wire[1]'
Slack : 0.169
TNS   : 0.000

Type  : Fast 1100mV 0C Model Hold 'altera_reserved_tck'
Slack : 0.238
TNS   : 0.000

Type  : Fast 1100mV 0C Model Recovery 'ACC_main:inst|Clock_Manager:xCLOCKS|pll_block:xPLL_BLOCK|pll_block_0002:pll_block_inst|altera_pll:altera_pll_i|outclk_wire[2]'
Slack : -3.443
TNS   : -40.443

Type  : Fast 1100mV 0C Model Recovery 'ACC_main:inst|Clock_Manager:xCLOCKS|pll_block:xPLL_BLOCK|pll_block_0002:pll_block_inst|altera_pll:altera_pll_i|outclk_wire[0]'
Slack : -3.372
TNS   : -1355.331

Type  : Fast 1100mV 0C Model Recovery 'USB_IFCLK'
Slack : 9.811
TNS   : 0.000

Type  : Fast 1100mV 0C Model Recovery 'altera_reserved_tck'
Slack : 31.838
TNS   : 0.000

Type  : Fast 1100mV 0C Model Recovery 'ACC_main:inst|Clock_Manager:xCLOCKS|pll_block:xPLL_BLOCK|pll_block_0002:pll_block_inst|altera_pll:altera_pll_i|outclk_wire[1]'
Slack : 997.586
TNS   : 0.000

Type  : Fast 1100mV 0C Model Removal 'USB_IFCLK'
Slack : 0.315
TNS   : 0.000

Type  : Fast 1100mV 0C Model Removal 'altera_reserved_tck'
Slack : 0.366
TNS   : 0.000

Type  : Fast 1100mV 0C Model Removal 'ACC_main:inst|Clock_Manager:xCLOCKS|pll_block:xPLL_BLOCK|pll_block_0002:pll_block_inst|altera_pll:altera_pll_i|outclk_wire[0]'
Slack : 0.614
TNS   : 0.000

Type  : Fast 1100mV 0C Model Removal 'ACC_main:inst|Clock_Manager:xCLOCKS|pll_block:xPLL_BLOCK|pll_block_0002:pll_block_inst|altera_pll:altera_pll_i|outclk_wire[2]'
Slack : 1.149
TNS   : 0.000

Type  : Fast 1100mV 0C Model Removal 'ACC_main:inst|Clock_Manager:xCLOCKS|pll_block:xPLL_BLOCK|pll_block_0002:pll_block_inst|altera_pll:altera_pll_i|outclk_wire[1]'
Slack : 1.620
TNS   : 0.000

Type  : Fast 1100mV 0C Model Minimum Pulse Width 'ACC_main:inst|Clock_Manager:xCLOCKS|pll_block:xPLL_BLOCK|pll_block_0002:pll_block_inst|altera_pll:altera_pll_i|general[0].gpll~FRACTIONAL_PLL_O_VCOPH0'
Slack : 1.562
TNS   : 0.000

Type  : Fast 1100mV 0C Model Minimum Pulse Width 'ACC_main:inst|Clock_Manager:xCLOCKS|pll_block:xPLL_BLOCK|pll_block_0002:pll_block_inst|altera_pll:altera_pll_i|outclk_wire[2]'
Slack : 2.204
TNS   : 0.000

Type  : Fast 1100mV 0C Model Minimum Pulse Width 'CLOCKIN'
Slack : 3.968
TNS   : 0.000

Type  : Fast 1100mV 0C Model Minimum Pulse Width 'USB_IFCLK'
Slack : 9.380
TNS   : 0.000

Type  : Fast 1100mV 0C Model Minimum Pulse Width 'ACC_main:inst|Clock_Manager:xCLOCKS|pll_block:xPLL_BLOCK|pll_block_0002:pll_block_inst|altera_pll:altera_pll_i|outclk_wire[0]'
Slack : 11.591
TNS   : 0.000

Type  : Fast 1100mV 0C Model Minimum Pulse Width 'altera_reserved_tck'
Slack : 14.978
TNS   : 0.000

Type  : Fast 1100mV 0C Model Minimum Pulse Width 'ACC_main:inst|Clock_Manager:xCLOCKS|pll_block:xPLL_BLOCK|pll_block_0002:pll_block_inst|altera_pll:altera_pll_i|outclk_wire[1]'
Slack : 499.547
TNS   : 0.000

------------------------------------------------------------
