------------------------------------------------------------
Timing Analyzer Summary
------------------------------------------------------------

Type  : Slow 1100mV 85C Model Setup 'ACC_main:inst|Clock_Manager:xCLOCKS|pll_block:xPLL_BLOCK|pll_block_0002:pll_block_inst|altera_pll:altera_pll_i|outclk_wire[2]'
Slack : -5.492
TNS   : -6071.664

Type  : Slow 1100mV 85C Model Setup 'ACC_main:inst|Clock_Manager:xCLOCKS|pll_block:xPLL_BLOCK|pll_block_0002:pll_block_inst|altera_pll:altera_pll_i|outclk_wire[0]'
Slack : -4.165
TNS   : -334.258

Type  : Slow 1100mV 85C Model Setup 'USB_IFCLK'
Slack : -3.176
TNS   : -377.672

Type  : Slow 1100mV 85C Model Setup 'ACC_main:inst|Clock_Manager:xCLOCKS|pll_block:xPLL_BLOCK|pll_block_0002:pll_block_inst|altera_pll:altera_pll_i|outclk_wire[1]'
Slack : 195.172
TNS   : 0.000

Type  : Slow 1100mV 85C Model Hold 'ACC_main:inst|Clock_Manager:xCLOCKS|pll_block:xPLL_BLOCK|pll_block_0002:pll_block_inst|altera_pll:altera_pll_i|outclk_wire[0]'
Slack : 0.181
TNS   : 0.000

Type  : Slow 1100mV 85C Model Hold 'ACC_main:inst|Clock_Manager:xCLOCKS|pll_block:xPLL_BLOCK|pll_block_0002:pll_block_inst|altera_pll:altera_pll_i|outclk_wire[2]'
Slack : 0.263
TNS   : 0.000

Type  : Slow 1100mV 85C Model Hold 'USB_IFCLK'
Slack : 0.268
TNS   : 0.000

Type  : Slow 1100mV 85C Model Hold 'ACC_main:inst|Clock_Manager:xCLOCKS|pll_block:xPLL_BLOCK|pll_block_0002:pll_block_inst|altera_pll:altera_pll_i|outclk_wire[1]'
Slack : 0.293
TNS   : 0.000

Type  : Slow 1100mV 85C Model Recovery 'ACC_main:inst|Clock_Manager:xCLOCKS|pll_block:xPLL_BLOCK|pll_block_0002:pll_block_inst|altera_pll:altera_pll_i|outclk_wire[2]'
Slack : -4.821
TNS   : -3908.460

Type  : Slow 1100mV 85C Model Recovery 'ACC_main:inst|Clock_Manager:xCLOCKS|pll_block:xPLL_BLOCK|pll_block_0002:pll_block_inst|altera_pll:altera_pll_i|outclk_wire[0]'
Slack : -4.734
TNS   : -1027.451

Type  : Slow 1100mV 85C Model Recovery 'USB_IFCLK'
Slack : -3.416
TNS   : -374.691

Type  : Slow 1100mV 85C Model Recovery 'ACC_main:inst|Clock_Manager:xCLOCKS|pll_block:xPLL_BLOCK|pll_block_0002:pll_block_inst|altera_pll:altera_pll_i|outclk_wire[1]'
Slack : 195.783
TNS   : 0.000

Type  : Slow 1100mV 85C Model Removal 'USB_IFCLK'
Slack : 0.783
TNS   : 0.000

Type  : Slow 1100mV 85C Model Removal 'ACC_main:inst|Clock_Manager:xCLOCKS|pll_block:xPLL_BLOCK|pll_block_0002:pll_block_inst|altera_pll:altera_pll_i|outclk_wire[2]'
Slack : 0.852
TNS   : 0.000

Type  : Slow 1100mV 85C Model Removal 'ACC_main:inst|Clock_Manager:xCLOCKS|pll_block:xPLL_BLOCK|pll_block_0002:pll_block_inst|altera_pll:altera_pll_i|outclk_wire[0]'
Slack : 1.174
TNS   : 0.000

Type  : Slow 1100mV 85C Model Removal 'ACC_main:inst|Clock_Manager:xCLOCKS|pll_block:xPLL_BLOCK|pll_block_0002:pll_block_inst|altera_pll:altera_pll_i|outclk_wire[1]'
Slack : 3.269
TNS   : 0.000

Type  : Slow 1100mV 85C Model Minimum Pulse Width 'ACC_main:inst|Clock_Manager:xCLOCKS|pll_block:xPLL_BLOCK|pll_block_0002:pll_block_inst|altera_pll:altera_pll_i|outclk_wire[2]'
Slack : -1.250
TNS   : -3907.755

Type  : Slow 1100mV 85C Model Minimum Pulse Width 'ACC_main:inst|Clock_Manager:xCLOCKS|pll_block:xPLL_BLOCK|pll_block_0002:pll_block_inst|altera_pll:altera_pll_i|general[0].gpll~FRACTIONAL_PLL_O_VCOPH0'
Slack : 0.312
TNS   : 0.000

Type  : Slow 1100mV 85C Model Minimum Pulse Width 'SFP_GxBlock:inst93|Gx1_2Gbps:inst24|altera_xcvr_custom:gx1_2gbps_inst|av_xcvr_custom_nr:A5|av_xcvr_custom_native:transceiver_core|av_xcvr_native:gen.av_xcvr_native_insts[0].gen_bonded_group.av_xcvr_native_inst|av_pma:inst_av_pma|av_rx_pma:av_rx_pma|rx_pmas[0].rx_pma.wire_cdr_to_deser_clk'
Slack : 0.500
TNS   : 0.000

Type  : Slow 1100mV 85C Model Minimum Pulse Width 'SFP_GxBlock:inst93|Gx1_2Gbps:inst24|altera_xcvr_custom:gx1_2gbps_inst|av_xcvr_custom_nr:A5|av_xcvr_custom_native:transceiver_core|av_xcvr_plls:gen.av_xcvr_native_insts[0].gen_tx_plls.gen_tx_plls.tx_plls|outclk[0]'
Slack : 0.500
TNS   : 0.000

Type  : Slow 1100mV 85C Model Minimum Pulse Width 'SFP_GxBlock:inst95|Gx1_2Gbps:inst24|altera_xcvr_custom:gx1_2gbps_inst|av_xcvr_custom_nr:A5|av_xcvr_custom_native:transceiver_core|av_xcvr_native:gen.av_xcvr_native_insts[0].gen_bonded_group.av_xcvr_native_inst|av_pma:inst_av_pma|av_rx_pma:av_rx_pma|rx_pmas[0].rx_pma.wire_cdr_to_deser_clk'
Slack : 0.500
TNS   : 0.000

Type  : Slow 1100mV 85C Model Minimum Pulse Width 'SFP_GxBlock:inst95|Gx1_2Gbps:inst24|altera_xcvr_custom:gx1_2gbps_inst|av_xcvr_custom_nr:A5|av_xcvr_custom_native:transceiver_core|av_xcvr_plls:gen.av_xcvr_native_insts[0].gen_tx_plls.gen_tx_plls.tx_plls|outclk[0]'
Slack : 0.500
TNS   : 0.000

Type  : Slow 1100mV 85C Model Minimum Pulse Width 'ACC_main:inst|Clock_Manager:xCLOCKS|pll_block:xPLL_BLOCK|pll_block_0002:pll_block_inst|altera_pll:altera_pll_i|outclk_wire[0]'
Slack : 1.493
TNS   : 0.000

Type  : Slow 1100mV 85C Model Minimum Pulse Width 'CLOCKIN'
Slack : 3.981
TNS   : 0.000

Type  : Slow 1100mV 85C Model Minimum Pulse Width 'inst93|inst24|gx1_2gbps_inst|A5|transceiver_core|gen.av_xcvr_native_insts[0].gen_bonded_group.av_xcvr_native_inst|inst_av_pma|av_rx_pma|rx_pmas[0].rx_pma.rx_pma_deser|clk90b'
Slack : 4.985
TNS   : 0.000

Type  : Slow 1100mV 85C Model Minimum Pulse Width 'inst95|inst24|gx1_2gbps_inst|A5|transceiver_core|gen.av_xcvr_native_insts[0].gen_bonded_group.av_xcvr_native_inst|inst_av_pma|av_rx_pma|rx_pmas[0].rx_pma.rx_pma_deser|clk90b'
Slack : 4.985
TNS   : 0.000

Type  : Slow 1100mV 85C Model Minimum Pulse Width 'SFP_GxBlock:inst93|Gx1_2Gbps:inst24|altera_xcvr_custom:gx1_2gbps_inst|av_xcvr_custom_nr:A5|av_xcvr_custom_native:transceiver_core|av_xcvr_native:gen.av_xcvr_native_insts[0].gen_bonded_group.av_xcvr_native_inst|av_pma:inst_av_pma|av_tx_pma:av_tx_pma|av_tx_pma_ch:tx_pma_insts[0].av_tx_pma_ch_inst|tx_pma_ch.pclk_from_cgb[0]'
Slack : 4.998
TNS   : 0.000

Type  : Slow 1100mV 85C Model Minimum Pulse Width 'SFP_GxBlock:inst95|Gx1_2Gbps:inst24|altera_xcvr_custom:gx1_2gbps_inst|av_xcvr_custom_nr:A5|av_xcvr_custom_native:transceiver_core|av_xcvr_native:gen.av_xcvr_native_insts[0].gen_bonded_group.av_xcvr_native_inst|av_pma:inst_av_pma|av_tx_pma:av_tx_pma|av_tx_pma_ch:tx_pma_insts[0].av_tx_pma_ch_inst|tx_pma_ch.pclk_from_cgb[0]'
Slack : 4.998
TNS   : 0.000

Type  : Slow 1100mV 85C Model Minimum Pulse Width 'SFP1_gx_pll_refclkin'
Slack : 5.000
TNS   : 0.000

Type  : Slow 1100mV 85C Model Minimum Pulse Width 'SFP2_gx_pll_refclkin'
Slack : 5.000
TNS   : 0.000

Type  : Slow 1100mV 85C Model Minimum Pulse Width 'SFP_GxBlock:inst93|Gx1_2Gbps:inst24|altera_xcvr_custom:gx1_2gbps_inst|av_xcvr_custom_nr:A5|av_xcvr_custom_native:transceiver_core|av_xcvr_plls:gen.av_xcvr_native_insts[0].gen_tx_plls.gen_tx_plls.tx_plls|pll[0].pll.cmu_pll.mux_refclk_out'
Slack : 5.000
TNS   : 0.000

Type  : Slow 1100mV 85C Model Minimum Pulse Width 'SFP_GxBlock:inst95|Gx1_2Gbps:inst24|altera_xcvr_custom:gx1_2gbps_inst|av_xcvr_custom_nr:A5|av_xcvr_custom_native:transceiver_core|av_xcvr_plls:gen.av_xcvr_native_insts[0].gen_tx_plls.gen_tx_plls.tx_plls|pll[0].pll.cmu_pll.mux_refclk_out'
Slack : 5.000
TNS   : 0.000

Type  : Slow 1100mV 85C Model Minimum Pulse Width 'USB_IFCLK'
Slack : 9.499
TNS   : 0.000

Type  : Slow 1100mV 85C Model Minimum Pulse Width 'inst95|inst24|gx1_2gbps_inst|A5|transceiver_core|gen.av_xcvr_native_insts[0].gen_bonded_group.av_xcvr_native_inst|inst_av_pcs|ch[0].inst_av_pcs_ch|inst_av_hssi_8g_tx_pcs|wys|txpmalocalclk'
Slack : 9.804
TNS   : 0.000

Type  : Slow 1100mV 85C Model Minimum Pulse Width 'inst93|inst24|gx1_2gbps_inst|A5|transceiver_core|gen.av_xcvr_native_insts[0].gen_bonded_group.av_xcvr_native_inst|inst_av_pcs|ch[0].inst_av_pcs_ch|inst_av_hssi_8g_tx_pcs|wys|txpmalocalclk'
Slack : 9.806
TNS   : 0.000

Type  : Slow 1100mV 85C Model Minimum Pulse Width 'inst95|inst24|gx1_2gbps_inst|A5|transceiver_core|gen.av_xcvr_native_insts[0].gen_bonded_group.av_xcvr_native_inst|inst_av_pcs|ch[0].inst_av_pcs_ch|inst_av_hssi_8g_rx_pcs|wys|rcvdclkpma'
Slack : 9.824
TNS   : 0.000

Type  : Slow 1100mV 85C Model Minimum Pulse Width 'inst93|inst24|gx1_2gbps_inst|A5|transceiver_core|gen.av_xcvr_native_insts[0].gen_bonded_group.av_xcvr_native_inst|inst_av_pcs|ch[0].inst_av_pcs_ch|inst_av_hssi_8g_rx_pcs|wys|rcvdclkpma'
Slack : 9.829
TNS   : 0.000

Type  : Slow 1100mV 85C Model Minimum Pulse Width 'ACC_main:inst|Clock_Manager:xCLOCKS|pll_block:xPLL_BLOCK|pll_block_0002:pll_block_inst|altera_pll:altera_pll_i|outclk_wire[1]'
Slack : 99.302
TNS   : 0.000

Type  : Slow 1100mV 0C Model Setup 'ACC_main:inst|Clock_Manager:xCLOCKS|pll_block:xPLL_BLOCK|pll_block_0002:pll_block_inst|altera_pll:altera_pll_i|outclk_wire[2]'
Slack : -5.248
TNS   : -5513.956

Type  : Slow 1100mV 0C Model Setup 'ACC_main:inst|Clock_Manager:xCLOCKS|pll_block:xPLL_BLOCK|pll_block_0002:pll_block_inst|altera_pll:altera_pll_i|outclk_wire[0]'
Slack : -3.920
TNS   : -305.814

Type  : Slow 1100mV 0C Model Setup 'USB_IFCLK'
Slack : -3.009
TNS   : -352.937

Type  : Slow 1100mV 0C Model Setup 'ACC_main:inst|Clock_Manager:xCLOCKS|pll_block:xPLL_BLOCK|pll_block_0002:pll_block_inst|altera_pll:altera_pll_i|outclk_wire[1]'
Slack : 195.385
TNS   : 0.000

Type  : Slow 1100mV 0C Model Hold 'ACC_main:inst|Clock_Manager:xCLOCKS|pll_block:xPLL_BLOCK|pll_block_0002:pll_block_inst|altera_pll:altera_pll_i|outclk_wire[0]'
Slack : 0.222
TNS   : 0.000

Type  : Slow 1100mV 0C Model Hold 'ACC_main:inst|Clock_Manager:xCLOCKS|pll_block:xPLL_BLOCK|pll_block_0002:pll_block_inst|altera_pll:altera_pll_i|outclk_wire[2]'
Slack : 0.240
TNS   : 0.000

Type  : Slow 1100mV 0C Model Hold 'USB_IFCLK'
Slack : 0.249
TNS   : 0.000

Type  : Slow 1100mV 0C Model Hold 'ACC_main:inst|Clock_Manager:xCLOCKS|pll_block:xPLL_BLOCK|pll_block_0002:pll_block_inst|altera_pll:altera_pll_i|outclk_wire[1]'
Slack : 0.269
TNS   : 0.000

Type  : Slow 1100mV 0C Model Recovery 'ACC_main:inst|Clock_Manager:xCLOCKS|pll_block:xPLL_BLOCK|pll_block_0002:pll_block_inst|altera_pll:altera_pll_i|outclk_wire[2]'
Slack : -4.508
TNS   : -3534.202

Type  : Slow 1100mV 0C Model Recovery 'ACC_main:inst|Clock_Manager:xCLOCKS|pll_block:xPLL_BLOCK|pll_block_0002:pll_block_inst|altera_pll:altera_pll_i|outclk_wire[0]'
Slack : -4.438
TNS   : -963.526

Type  : Slow 1100mV 0C Model Recovery 'USB_IFCLK'
Slack : -3.279
TNS   : -348.050

Type  : Slow 1100mV 0C Model Recovery 'ACC_main:inst|Clock_Manager:xCLOCKS|pll_block:xPLL_BLOCK|pll_block_0002:pll_block_inst|altera_pll:altera_pll_i|outclk_wire[1]'
Slack : 196.029
TNS   : 0.000

Type  : Slow 1100mV 0C Model Removal 'USB_IFCLK'
Slack : 0.638
TNS   : 0.000

Type  : Slow 1100mV 0C Model Removal 'ACC_main:inst|Clock_Manager:xCLOCKS|pll_block:xPLL_BLOCK|pll_block_0002:pll_block_inst|altera_pll:altera_pll_i|outclk_wire[2]'
Slack : 0.830
TNS   : 0.000

Type  : Slow 1100mV 0C Model Removal 'ACC_main:inst|Clock_Manager:xCLOCKS|pll_block:xPLL_BLOCK|pll_block_0002:pll_block_inst|altera_pll:altera_pll_i|outclk_wire[0]'
Slack : 1.095
TNS   : 0.000

Type  : Slow 1100mV 0C Model Removal 'ACC_main:inst|Clock_Manager:xCLOCKS|pll_block:xPLL_BLOCK|pll_block_0002:pll_block_inst|altera_pll:altera_pll_i|outclk_wire[1]'
Slack : 3.028
TNS   : 0.000

Type  : Slow 1100mV 0C Model Minimum Pulse Width 'ACC_main:inst|Clock_Manager:xCLOCKS|pll_block:xPLL_BLOCK|pll_block_0002:pll_block_inst|altera_pll:altera_pll_i|outclk_wire[2]'
Slack : -1.250
TNS   : -3923.811

Type  : Slow 1100mV 0C Model Minimum Pulse Width 'ACC_main:inst|Clock_Manager:xCLOCKS|pll_block:xPLL_BLOCK|pll_block_0002:pll_block_inst|altera_pll:altera_pll_i|general[0].gpll~FRACTIONAL_PLL_O_VCOPH0'
Slack : 0.312
TNS   : 0.000

Type  : Slow 1100mV 0C Model Minimum Pulse Width 'SFP_GxBlock:inst93|Gx1_2Gbps:inst24|altera_xcvr_custom:gx1_2gbps_inst|av_xcvr_custom_nr:A5|av_xcvr_custom_native:transceiver_core|av_xcvr_native:gen.av_xcvr_native_insts[0].gen_bonded_group.av_xcvr_native_inst|av_pma:inst_av_pma|av_rx_pma:av_rx_pma|rx_pmas[0].rx_pma.wire_cdr_to_deser_clk'
Slack : 0.500
TNS   : 0.000

Type  : Slow 1100mV 0C Model Minimum Pulse Width 'SFP_GxBlock:inst93|Gx1_2Gbps:inst24|altera_xcvr_custom:gx1_2gbps_inst|av_xcvr_custom_nr:A5|av_xcvr_custom_native:transceiver_core|av_xcvr_plls:gen.av_xcvr_native_insts[0].gen_tx_plls.gen_tx_plls.tx_plls|outclk[0]'
Slack : 0.500
TNS   : 0.000

Type  : Slow 1100mV 0C Model Minimum Pulse Width 'SFP_GxBlock:inst95|Gx1_2Gbps:inst24|altera_xcvr_custom:gx1_2gbps_inst|av_xcvr_custom_nr:A5|av_xcvr_custom_native:transceiver_core|av_xcvr_native:gen.av_xcvr_native_insts[0].gen_bonded_group.av_xcvr_native_inst|av_pma:inst_av_pma|av_rx_pma:av_rx_pma|rx_pmas[0].rx_pma.wire_cdr_to_deser_clk'
Slack : 0.500
TNS   : 0.000

Type  : Slow 1100mV 0C Model Minimum Pulse Width 'SFP_GxBlock:inst95|Gx1_2Gbps:inst24|altera_xcvr_custom:gx1_2gbps_inst|av_xcvr_custom_nr:A5|av_xcvr_custom_native:transceiver_core|av_xcvr_plls:gen.av_xcvr_native_insts[0].gen_tx_plls.gen_tx_plls.tx_plls|outclk[0]'
Slack : 0.500
TNS   : 0.000

Type  : Slow 1100mV 0C Model Minimum Pulse Width 'ACC_main:inst|Clock_Manager:xCLOCKS|pll_block:xPLL_BLOCK|pll_block_0002:pll_block_inst|altera_pll:altera_pll_i|outclk_wire[0]'
Slack : 1.503
TNS   : 0.000

Type  : Slow 1100mV 0C Model Minimum Pulse Width 'CLOCKIN'
Slack : 3.989
TNS   : 0.000

Type  : Slow 1100mV 0C Model Minimum Pulse Width 'inst93|inst24|gx1_2gbps_inst|A5|transceiver_core|gen.av_xcvr_native_insts[0].gen_bonded_group.av_xcvr_native_inst|inst_av_pma|av_rx_pma|rx_pmas[0].rx_pma.rx_pma_deser|clk90b'
Slack : 4.987
TNS   : 0.000

Type  : Slow 1100mV 0C Model Minimum Pulse Width 'inst95|inst24|gx1_2gbps_inst|A5|transceiver_core|gen.av_xcvr_native_insts[0].gen_bonded_group.av_xcvr_native_inst|inst_av_pma|av_rx_pma|rx_pmas[0].rx_pma.rx_pma_deser|clk90b'
Slack : 4.987
TNS   : 0.000

Type  : Slow 1100mV 0C Model Minimum Pulse Width 'SFP_GxBlock:inst93|Gx1_2Gbps:inst24|altera_xcvr_custom:gx1_2gbps_inst|av_xcvr_custom_nr:A5|av_xcvr_custom_native:transceiver_core|av_xcvr_native:gen.av_xcvr_native_insts[0].gen_bonded_group.av_xcvr_native_inst|av_pma:inst_av_pma|av_tx_pma:av_tx_pma|av_tx_pma_ch:tx_pma_insts[0].av_tx_pma_ch_inst|tx_pma_ch.pclk_from_cgb[0]'
Slack : 4.998
TNS   : 0.000

Type  : Slow 1100mV 0C Model Minimum Pulse Width 'SFP_GxBlock:inst95|Gx1_2Gbps:inst24|altera_xcvr_custom:gx1_2gbps_inst|av_xcvr_custom_nr:A5|av_xcvr_custom_native:transceiver_core|av_xcvr_native:gen.av_xcvr_native_insts[0].gen_bonded_group.av_xcvr_native_inst|av_pma:inst_av_pma|av_tx_pma:av_tx_pma|av_tx_pma_ch:tx_pma_insts[0].av_tx_pma_ch_inst|tx_pma_ch.pclk_from_cgb[0]'
Slack : 4.998
TNS   : 0.000

Type  : Slow 1100mV 0C Model Minimum Pulse Width 'SFP1_gx_pll_refclkin'
Slack : 5.000
TNS   : 0.000

Type  : Slow 1100mV 0C Model Minimum Pulse Width 'SFP2_gx_pll_refclkin'
Slack : 5.000
TNS   : 0.000

Type  : Slow 1100mV 0C Model Minimum Pulse Width 'SFP_GxBlock:inst93|Gx1_2Gbps:inst24|altera_xcvr_custom:gx1_2gbps_inst|av_xcvr_custom_nr:A5|av_xcvr_custom_native:transceiver_core|av_xcvr_plls:gen.av_xcvr_native_insts[0].gen_tx_plls.gen_tx_plls.tx_plls|pll[0].pll.cmu_pll.mux_refclk_out'
Slack : 5.000
TNS   : 0.000

Type  : Slow 1100mV 0C Model Minimum Pulse Width 'SFP_GxBlock:inst95|Gx1_2Gbps:inst24|altera_xcvr_custom:gx1_2gbps_inst|av_xcvr_custom_nr:A5|av_xcvr_custom_native:transceiver_core|av_xcvr_plls:gen.av_xcvr_native_insts[0].gen_tx_plls.gen_tx_plls.tx_plls|pll[0].pll.cmu_pll.mux_refclk_out'
Slack : 5.000
TNS   : 0.000

Type  : Slow 1100mV 0C Model Minimum Pulse Width 'USB_IFCLK'
Slack : 9.500
TNS   : 0.000

Type  : Slow 1100mV 0C Model Minimum Pulse Width 'inst93|inst24|gx1_2gbps_inst|A5|transceiver_core|gen.av_xcvr_native_insts[0].gen_bonded_group.av_xcvr_native_inst|inst_av_pcs|ch[0].inst_av_pcs_ch|inst_av_hssi_8g_tx_pcs|wys|txpmalocalclk'
Slack : 9.758
TNS   : 0.000

Type  : Slow 1100mV 0C Model Minimum Pulse Width 'inst95|inst24|gx1_2gbps_inst|A5|transceiver_core|gen.av_xcvr_native_insts[0].gen_bonded_group.av_xcvr_native_inst|inst_av_pcs|ch[0].inst_av_pcs_ch|inst_av_hssi_8g_tx_pcs|wys|txpmalocalclk'
Slack : 9.764
TNS   : 0.000

Type  : Slow 1100mV 0C Model Minimum Pulse Width 'inst93|inst24|gx1_2gbps_inst|A5|transceiver_core|gen.av_xcvr_native_insts[0].gen_bonded_group.av_xcvr_native_inst|inst_av_pcs|ch[0].inst_av_pcs_ch|inst_av_hssi_8g_rx_pcs|wys|rcvdclkpma'
Slack : 9.788
TNS   : 0.000

Type  : Slow 1100mV 0C Model Minimum Pulse Width 'inst95|inst24|gx1_2gbps_inst|A5|transceiver_core|gen.av_xcvr_native_insts[0].gen_bonded_group.av_xcvr_native_inst|inst_av_pcs|ch[0].inst_av_pcs_ch|inst_av_hssi_8g_rx_pcs|wys|rcvdclkpma'
Slack : 9.789
TNS   : 0.000

Type  : Slow 1100mV 0C Model Minimum Pulse Width 'ACC_main:inst|Clock_Manager:xCLOCKS|pll_block:xPLL_BLOCK|pll_block_0002:pll_block_inst|altera_pll:altera_pll_i|outclk_wire[1]'
Slack : 99.289
TNS   : 0.000

Type  : Fast 1100mV 85C Model Setup 'ACC_main:inst|Clock_Manager:xCLOCKS|pll_block:xPLL_BLOCK|pll_block_0002:pll_block_inst|altera_pll:altera_pll_i|outclk_wire[2]'
Slack : -3.283
TNS   : -2531.783

Type  : Fast 1100mV 85C Model Setup 'ACC_main:inst|Clock_Manager:xCLOCKS|pll_block:xPLL_BLOCK|pll_block_0002:pll_block_inst|altera_pll:altera_pll_i|outclk_wire[0]'
Slack : -2.431
TNS   : -149.707

Type  : Fast 1100mV 85C Model Setup 'USB_IFCLK'
Slack : -2.345
TNS   : -285.334

Type  : Fast 1100mV 85C Model Setup 'ACC_main:inst|Clock_Manager:xCLOCKS|pll_block:xPLL_BLOCK|pll_block_0002:pll_block_inst|altera_pll:altera_pll_i|outclk_wire[1]'
Slack : 196.951
TNS   : 0.000

Type  : Fast 1100mV 85C Model Hold 'ACC_main:inst|Clock_Manager:xCLOCKS|pll_block:xPLL_BLOCK|pll_block_0002:pll_block_inst|altera_pll:altera_pll_i|outclk_wire[0]'
Slack : 0.147
TNS   : 0.000

Type  : Fast 1100mV 85C Model Hold 'ACC_main:inst|Clock_Manager:xCLOCKS|pll_block:xPLL_BLOCK|pll_block_0002:pll_block_inst|altera_pll:altera_pll_i|outclk_wire[2]'
Slack : 0.168
TNS   : 0.000

Type  : Fast 1100mV 85C Model Hold 'USB_IFCLK'
Slack : 0.169
TNS   : 0.000

Type  : Fast 1100mV 85C Model Hold 'ACC_main:inst|Clock_Manager:xCLOCKS|pll_block:xPLL_BLOCK|pll_block_0002:pll_block_inst|altera_pll:altera_pll_i|outclk_wire[1]'
Slack : 0.179
TNS   : 0.000

Type  : Fast 1100mV 85C Model Recovery 'USB_IFCLK'
Slack : -2.893
TNS   : -287.700

Type  : Fast 1100mV 85C Model Recovery 'ACC_main:inst|Clock_Manager:xCLOCKS|pll_block:xPLL_BLOCK|pll_block_0002:pll_block_inst|altera_pll:altera_pll_i|outclk_wire[2]'
Slack : -2.803
TNS   : -2047.624

Type  : Fast 1100mV 85C Model Recovery 'ACC_main:inst|Clock_Manager:xCLOCKS|pll_block:xPLL_BLOCK|pll_block_0002:pll_block_inst|altera_pll:altera_pll_i|outclk_wire[0]'
Slack : -2.787
TNS   : -597.837

Type  : Fast 1100mV 85C Model Recovery 'ACC_main:inst|Clock_Manager:xCLOCKS|pll_block:xPLL_BLOCK|pll_block_0002:pll_block_inst|altera_pll:altera_pll_i|outclk_wire[1]'
Slack : 197.102
TNS   : 0.000

Type  : Fast 1100mV 85C Model Removal 'ACC_main:inst|Clock_Manager:xCLOCKS|pll_block:xPLL_BLOCK|pll_block_0002:pll_block_inst|altera_pll:altera_pll_i|outclk_wire[2]'
Slack : 0.511
TNS   : 0.000

Type  : Fast 1100mV 85C Model Removal 'USB_IFCLK'
Slack : 0.631
TNS   : 0.000

Type  : Fast 1100mV 85C Model Removal 'ACC_main:inst|Clock_Manager:xCLOCKS|pll_block:xPLL_BLOCK|pll_block_0002:pll_block_inst|altera_pll:altera_pll_i|outclk_wire[0]'
Slack : 0.757
TNS   : 0.000

Type  : Fast 1100mV 85C Model Removal 'ACC_main:inst|Clock_Manager:xCLOCKS|pll_block:xPLL_BLOCK|pll_block_0002:pll_block_inst|altera_pll:altera_pll_i|outclk_wire[1]'
Slack : 2.011
TNS   : 0.000

Type  : Fast 1100mV 85C Model Minimum Pulse Width 'ACC_main:inst|Clock_Manager:xCLOCKS|pll_block:xPLL_BLOCK|pll_block_0002:pll_block_inst|altera_pll:altera_pll_i|outclk_wire[2]'
Slack : -1.250
TNS   : -3297.520

Type  : Fast 1100mV 85C Model Minimum Pulse Width 'ACC_main:inst|Clock_Manager:xCLOCKS|pll_block:xPLL_BLOCK|pll_block_0002:pll_block_inst|altera_pll:altera_pll_i|general[0].gpll~FRACTIONAL_PLL_O_VCOPH0'
Slack : 0.312
TNS   : 0.000

Type  : Fast 1100mV 85C Model Minimum Pulse Width 'SFP_GxBlock:inst93|Gx1_2Gbps:inst24|altera_xcvr_custom:gx1_2gbps_inst|av_xcvr_custom_nr:A5|av_xcvr_custom_native:transceiver_core|av_xcvr_native:gen.av_xcvr_native_insts[0].gen_bonded_group.av_xcvr_native_inst|av_pma:inst_av_pma|av_rx_pma:av_rx_pma|rx_pmas[0].rx_pma.wire_cdr_to_deser_clk'
Slack : 0.500
TNS   : 0.000

Type  : Fast 1100mV 85C Model Minimum Pulse Width 'SFP_GxBlock:inst93|Gx1_2Gbps:inst24|altera_xcvr_custom:gx1_2gbps_inst|av_xcvr_custom_nr:A5|av_xcvr_custom_native:transceiver_core|av_xcvr_plls:gen.av_xcvr_native_insts[0].gen_tx_plls.gen_tx_plls.tx_plls|outclk[0]'
Slack : 0.500
TNS   : 0.000

Type  : Fast 1100mV 85C Model Minimum Pulse Width 'SFP_GxBlock:inst95|Gx1_2Gbps:inst24|altera_xcvr_custom:gx1_2gbps_inst|av_xcvr_custom_nr:A5|av_xcvr_custom_native:transceiver_core|av_xcvr_native:gen.av_xcvr_native_insts[0].gen_bonded_group.av_xcvr_native_inst|av_pma:inst_av_pma|av_rx_pma:av_rx_pma|rx_pmas[0].rx_pma.wire_cdr_to_deser_clk'
Slack : 0.500
TNS   : 0.000

Type  : Fast 1100mV 85C Model Minimum Pulse Width 'SFP_GxBlock:inst95|Gx1_2Gbps:inst24|altera_xcvr_custom:gx1_2gbps_inst|av_xcvr_custom_nr:A5|av_xcvr_custom_native:transceiver_core|av_xcvr_plls:gen.av_xcvr_native_insts[0].gen_tx_plls.gen_tx_plls.tx_plls|outclk[0]'
Slack : 0.500
TNS   : 0.000

Type  : Fast 1100mV 85C Model Minimum Pulse Width 'ACC_main:inst|Clock_Manager:xCLOCKS|pll_block:xPLL_BLOCK|pll_block_0002:pll_block_inst|altera_pll:altera_pll_i|outclk_wire[0]'
Slack : 1.587
TNS   : 0.000

Type  : Fast 1100mV 85C Model Minimum Pulse Width 'CLOCKIN'
Slack : 3.968
TNS   : 0.000

Type  : Fast 1100mV 85C Model Minimum Pulse Width 'inst93|inst24|gx1_2gbps_inst|A5|transceiver_core|gen.av_xcvr_native_insts[0].gen_bonded_group.av_xcvr_native_inst|inst_av_pma|av_rx_pma|rx_pmas[0].rx_pma.rx_pma_deser|clk90b'
Slack : 4.991
TNS   : 0.000

Type  : Fast 1100mV 85C Model Minimum Pulse Width 'inst95|inst24|gx1_2gbps_inst|A5|transceiver_core|gen.av_xcvr_native_insts[0].gen_bonded_group.av_xcvr_native_inst|inst_av_pma|av_rx_pma|rx_pmas[0].rx_pma.rx_pma_deser|clk90b'
Slack : 4.991
TNS   : 0.000

Type  : Fast 1100mV 85C Model Minimum Pulse Width 'SFP_GxBlock:inst93|Gx1_2Gbps:inst24|altera_xcvr_custom:gx1_2gbps_inst|av_xcvr_custom_nr:A5|av_xcvr_custom_native:transceiver_core|av_xcvr_native:gen.av_xcvr_native_insts[0].gen_bonded_group.av_xcvr_native_inst|av_pma:inst_av_pma|av_tx_pma:av_tx_pma|av_tx_pma_ch:tx_pma_insts[0].av_tx_pma_ch_inst|tx_pma_ch.pclk_from_cgb[0]'
Slack : 4.996
TNS   : 0.000

Type  : Fast 1100mV 85C Model Minimum Pulse Width 'SFP_GxBlock:inst95|Gx1_2Gbps:inst24|altera_xcvr_custom:gx1_2gbps_inst|av_xcvr_custom_nr:A5|av_xcvr_custom_native:transceiver_core|av_xcvr_native:gen.av_xcvr_native_insts[0].gen_bonded_group.av_xcvr_native_inst|av_pma:inst_av_pma|av_tx_pma:av_tx_pma|av_tx_pma_ch:tx_pma_insts[0].av_tx_pma_ch_inst|tx_pma_ch.pclk_from_cgb[0]'
Slack : 4.996
TNS   : 0.000

Type  : Fast 1100mV 85C Model Minimum Pulse Width 'SFP1_gx_pll_refclkin'
Slack : 5.000
TNS   : 0.000

Type  : Fast 1100mV 85C Model Minimum Pulse Width 'SFP2_gx_pll_refclkin'
Slack : 5.000
TNS   : 0.000

Type  : Fast 1100mV 85C Model Minimum Pulse Width 'SFP_GxBlock:inst93|Gx1_2Gbps:inst24|altera_xcvr_custom:gx1_2gbps_inst|av_xcvr_custom_nr:A5|av_xcvr_custom_native:transceiver_core|av_xcvr_plls:gen.av_xcvr_native_insts[0].gen_tx_plls.gen_tx_plls.tx_plls|pll[0].pll.cmu_pll.mux_refclk_out'
Slack : 5.000
TNS   : 0.000

Type  : Fast 1100mV 85C Model Minimum Pulse Width 'SFP_GxBlock:inst95|Gx1_2Gbps:inst24|altera_xcvr_custom:gx1_2gbps_inst|av_xcvr_custom_nr:A5|av_xcvr_custom_native:transceiver_core|av_xcvr_plls:gen.av_xcvr_native_insts[0].gen_tx_plls.gen_tx_plls.tx_plls|pll[0].pll.cmu_pll.mux_refclk_out'
Slack : 5.000
TNS   : 0.000

Type  : Fast 1100mV 85C Model Minimum Pulse Width 'USB_IFCLK'
Slack : 9.376
TNS   : 0.000

Type  : Fast 1100mV 85C Model Minimum Pulse Width 'inst95|inst24|gx1_2gbps_inst|A5|transceiver_core|gen.av_xcvr_native_insts[0].gen_bonded_group.av_xcvr_native_inst|inst_av_pcs|ch[0].inst_av_pcs_ch|inst_av_hssi_8g_tx_pcs|wys|txpmalocalclk'
Slack : 9.846
TNS   : 0.000

Type  : Fast 1100mV 85C Model Minimum Pulse Width 'inst93|inst24|gx1_2gbps_inst|A5|transceiver_core|gen.av_xcvr_native_insts[0].gen_bonded_group.av_xcvr_native_inst|inst_av_pcs|ch[0].inst_av_pcs_ch|inst_av_hssi_8g_tx_pcs|wys|txpmalocalclk'
Slack : 9.850
TNS   : 0.000

Type  : Fast 1100mV 85C Model Minimum Pulse Width 'inst95|inst24|gx1_2gbps_inst|A5|transceiver_core|gen.av_xcvr_native_insts[0].gen_bonded_group.av_xcvr_native_inst|inst_av_pcs|ch[0].inst_av_pcs_ch|inst_av_hssi_8g_rx_pcs|wys|rcvdclkpma'
Slack : 9.855
TNS   : 0.000

Type  : Fast 1100mV 85C Model Minimum Pulse Width 'inst93|inst24|gx1_2gbps_inst|A5|transceiver_core|gen.av_xcvr_native_insts[0].gen_bonded_group.av_xcvr_native_inst|inst_av_pcs|ch[0].inst_av_pcs_ch|inst_av_hssi_8g_rx_pcs|wys|rcvdclkpma'
Slack : 9.863
TNS   : 0.000

Type  : Fast 1100mV 85C Model Minimum Pulse Width 'ACC_main:inst|Clock_Manager:xCLOCKS|pll_block:xPLL_BLOCK|pll_block_0002:pll_block_inst|altera_pll:altera_pll_i|outclk_wire[1]'
Slack : 99.542
TNS   : 0.000

Type  : Fast 1100mV 0C Model Setup 'ACC_main:inst|Clock_Manager:xCLOCKS|pll_block:xPLL_BLOCK|pll_block_0002:pll_block_inst|altera_pll:altera_pll_i|outclk_wire[2]'
Slack : -3.066
TNS   : -1969.105

Type  : Fast 1100mV 0C Model Setup 'ACC_main:inst|Clock_Manager:xCLOCKS|pll_block:xPLL_BLOCK|pll_block_0002:pll_block_inst|altera_pll:altera_pll_i|outclk_wire[0]'
Slack : -2.289
TNS   : -130.047

Type  : Fast 1100mV 0C Model Setup 'USB_IFCLK'
Slack : -2.013
TNS   : -242.748

Type  : Fast 1100mV 0C Model Setup 'ACC_main:inst|Clock_Manager:xCLOCKS|pll_block:xPLL_BLOCK|pll_block_0002:pll_block_inst|altera_pll:altera_pll_i|outclk_wire[1]'
Slack : 197.237
TNS   : 0.000

Type  : Fast 1100mV 0C Model Hold 'ACC_main:inst|Clock_Manager:xCLOCKS|pll_block:xPLL_BLOCK|pll_block_0002:pll_block_inst|altera_pll:altera_pll_i|outclk_wire[2]'
Slack : 0.140
TNS   : 0.000

Type  : Fast 1100mV 0C Model Hold 'USB_IFCLK'
Slack : 0.150
TNS   : 0.000

Type  : Fast 1100mV 0C Model Hold 'ACC_main:inst|Clock_Manager:xCLOCKS|pll_block:xPLL_BLOCK|pll_block_0002:pll_block_inst|altera_pll:altera_pll_i|outclk_wire[0]'
Slack : 0.153
TNS   : 0.000

Type  : Fast 1100mV 0C Model Hold 'ACC_main:inst|Clock_Manager:xCLOCKS|pll_block:xPLL_BLOCK|pll_block_0002:pll_block_inst|altera_pll:altera_pll_i|outclk_wire[1]'
Slack : 0.168
TNS   : 0.000

Type  : Fast 1100mV 0C Model Recovery 'USB_IFCLK'
Slack : -2.634
TNS   : -244.653

Type  : Fast 1100mV 0C Model Recovery 'ACC_main:inst|Clock_Manager:xCLOCKS|pll_block:xPLL_BLOCK|pll_block_0002:pll_block_inst|altera_pll:altera_pll_i|outclk_wire[2]'
Slack : -2.622
TNS   : -1613.965

Type  : Fast 1100mV 0C Model Recovery 'ACC_main:inst|Clock_Manager:xCLOCKS|pll_block:xPLL_BLOCK|pll_block_0002:pll_block_inst|altera_pll:altera_pll_i|outclk_wire[0]'
Slack : -2.592
TNS   : -559.786

Type  : Fast 1100mV 0C Model Recovery 'ACC_main:inst|Clock_Manager:xCLOCKS|pll_block:xPLL_BLOCK|pll_block_0002:pll_block_inst|altera_pll:altera_pll_i|outclk_wire[1]'
Slack : 197.441
TNS   : 0.000

Type  : Fast 1100mV 0C Model Removal 'USB_IFCLK'
Slack : 0.422
TNS   : 0.000

Type  : Fast 1100mV 0C Model Removal 'ACC_main:inst|Clock_Manager:xCLOCKS|pll_block:xPLL_BLOCK|pll_block_0002:pll_block_inst|altera_pll:altera_pll_i|outclk_wire[2]'
Slack : 0.467
TNS   : 0.000

Type  : Fast 1100mV 0C Model Removal 'ACC_main:inst|Clock_Manager:xCLOCKS|pll_block:xPLL_BLOCK|pll_block_0002:pll_block_inst|altera_pll:altera_pll_i|outclk_wire[0]'
Slack : 0.671
TNS   : 0.000

Type  : Fast 1100mV 0C Model Removal 'ACC_main:inst|Clock_Manager:xCLOCKS|pll_block:xPLL_BLOCK|pll_block_0002:pll_block_inst|altera_pll:altera_pll_i|outclk_wire[1]'
Slack : 1.801
TNS   : 0.000

Type  : Fast 1100mV 0C Model Minimum Pulse Width 'ACC_main:inst|Clock_Manager:xCLOCKS|pll_block:xPLL_BLOCK|pll_block_0002:pll_block_inst|altera_pll:altera_pll_i|outclk_wire[2]'
Slack : -1.250
TNS   : -3285.345

Type  : Fast 1100mV 0C Model Minimum Pulse Width 'ACC_main:inst|Clock_Manager:xCLOCKS|pll_block:xPLL_BLOCK|pll_block_0002:pll_block_inst|altera_pll:altera_pll_i|general[0].gpll~FRACTIONAL_PLL_O_VCOPH0'
Slack : 0.312
TNS   : 0.000

Type  : Fast 1100mV 0C Model Minimum Pulse Width 'SFP_GxBlock:inst93|Gx1_2Gbps:inst24|altera_xcvr_custom:gx1_2gbps_inst|av_xcvr_custom_nr:A5|av_xcvr_custom_native:transceiver_core|av_xcvr_native:gen.av_xcvr_native_insts[0].gen_bonded_group.av_xcvr_native_inst|av_pma:inst_av_pma|av_rx_pma:av_rx_pma|rx_pmas[0].rx_pma.wire_cdr_to_deser_clk'
Slack : 0.500
TNS   : 0.000

Type  : Fast 1100mV 0C Model Minimum Pulse Width 'SFP_GxBlock:inst93|Gx1_2Gbps:inst24|altera_xcvr_custom:gx1_2gbps_inst|av_xcvr_custom_nr:A5|av_xcvr_custom_native:transceiver_core|av_xcvr_plls:gen.av_xcvr_native_insts[0].gen_tx_plls.gen_tx_plls.tx_plls|outclk[0]'
Slack : 0.500
TNS   : 0.000

Type  : Fast 1100mV 0C Model Minimum Pulse Width 'SFP_GxBlock:inst95|Gx1_2Gbps:inst24|altera_xcvr_custom:gx1_2gbps_inst|av_xcvr_custom_nr:A5|av_xcvr_custom_native:transceiver_core|av_xcvr_native:gen.av_xcvr_native_insts[0].gen_bonded_group.av_xcvr_native_inst|av_pma:inst_av_pma|av_rx_pma:av_rx_pma|rx_pmas[0].rx_pma.wire_cdr_to_deser_clk'
Slack : 0.500
TNS   : 0.000

Type  : Fast 1100mV 0C Model Minimum Pulse Width 'SFP_GxBlock:inst95|Gx1_2Gbps:inst24|altera_xcvr_custom:gx1_2gbps_inst|av_xcvr_custom_nr:A5|av_xcvr_custom_native:transceiver_core|av_xcvr_plls:gen.av_xcvr_native_insts[0].gen_tx_plls.gen_tx_plls.tx_plls|outclk[0]'
Slack : 0.500
TNS   : 0.000

Type  : Fast 1100mV 0C Model Minimum Pulse Width 'ACC_main:inst|Clock_Manager:xCLOCKS|pll_block:xPLL_BLOCK|pll_block_0002:pll_block_inst|altera_pll:altera_pll_i|outclk_wire[0]'
Slack : 1.593
TNS   : 0.000

Type  : Fast 1100mV 0C Model Minimum Pulse Width 'CLOCKIN'
Slack : 3.968
TNS   : 0.000

Type  : Fast 1100mV 0C Model Minimum Pulse Width 'inst93|inst24|gx1_2gbps_inst|A5|transceiver_core|gen.av_xcvr_native_insts[0].gen_bonded_group.av_xcvr_native_inst|inst_av_pma|av_rx_pma|rx_pmas[0].rx_pma.rx_pma_deser|clk90b'
Slack : 4.993
TNS   : 0.000

Type  : Fast 1100mV 0C Model Minimum Pulse Width 'inst95|inst24|gx1_2gbps_inst|A5|transceiver_core|gen.av_xcvr_native_insts[0].gen_bonded_group.av_xcvr_native_inst|inst_av_pma|av_rx_pma|rx_pmas[0].rx_pma.rx_pma_deser|clk90b'
Slack : 4.993
TNS   : 0.000

Type  : Fast 1100mV 0C Model Minimum Pulse Width 'SFP_GxBlock:inst93|Gx1_2Gbps:inst24|altera_xcvr_custom:gx1_2gbps_inst|av_xcvr_custom_nr:A5|av_xcvr_custom_native:transceiver_core|av_xcvr_native:gen.av_xcvr_native_insts[0].gen_bonded_group.av_xcvr_native_inst|av_pma:inst_av_pma|av_tx_pma:av_tx_pma|av_tx_pma_ch:tx_pma_insts[0].av_tx_pma_ch_inst|tx_pma_ch.pclk_from_cgb[0]'
Slack : 4.997
TNS   : 0.000

Type  : Fast 1100mV 0C Model Minimum Pulse Width 'SFP_GxBlock:inst95|Gx1_2Gbps:inst24|altera_xcvr_custom:gx1_2gbps_inst|av_xcvr_custom_nr:A5|av_xcvr_custom_native:transceiver_core|av_xcvr_native:gen.av_xcvr_native_insts[0].gen_bonded_group.av_xcvr_native_inst|av_pma:inst_av_pma|av_tx_pma:av_tx_pma|av_tx_pma_ch:tx_pma_insts[0].av_tx_pma_ch_inst|tx_pma_ch.pclk_from_cgb[0]'
Slack : 4.997
TNS   : 0.000

Type  : Fast 1100mV 0C Model Minimum Pulse Width 'SFP1_gx_pll_refclkin'
Slack : 5.000
TNS   : 0.000

Type  : Fast 1100mV 0C Model Minimum Pulse Width 'SFP2_gx_pll_refclkin'
Slack : 5.000
TNS   : 0.000

Type  : Fast 1100mV 0C Model Minimum Pulse Width 'SFP_GxBlock:inst93|Gx1_2Gbps:inst24|altera_xcvr_custom:gx1_2gbps_inst|av_xcvr_custom_nr:A5|av_xcvr_custom_native:transceiver_core|av_xcvr_plls:gen.av_xcvr_native_insts[0].gen_tx_plls.gen_tx_plls.tx_plls|pll[0].pll.cmu_pll.mux_refclk_out'
Slack : 5.000
TNS   : 0.000

Type  : Fast 1100mV 0C Model Minimum Pulse Width 'SFP_GxBlock:inst95|Gx1_2Gbps:inst24|altera_xcvr_custom:gx1_2gbps_inst|av_xcvr_custom_nr:A5|av_xcvr_custom_native:transceiver_core|av_xcvr_plls:gen.av_xcvr_native_insts[0].gen_tx_plls.gen_tx_plls.tx_plls|pll[0].pll.cmu_pll.mux_refclk_out'
Slack : 5.000
TNS   : 0.000

Type  : Fast 1100mV 0C Model Minimum Pulse Width 'USB_IFCLK'
Slack : 9.421
TNS   : 0.000

Type  : Fast 1100mV 0C Model Minimum Pulse Width 'inst93|inst24|gx1_2gbps_inst|A5|transceiver_core|gen.av_xcvr_native_insts[0].gen_bonded_group.av_xcvr_native_inst|inst_av_pcs|ch[0].inst_av_pcs_ch|inst_av_hssi_8g_tx_pcs|wys|txpmalocalclk'
Slack : 9.848
TNS   : 0.000

Type  : Fast 1100mV 0C Model Minimum Pulse Width 'inst95|inst24|gx1_2gbps_inst|A5|transceiver_core|gen.av_xcvr_native_insts[0].gen_bonded_group.av_xcvr_native_inst|inst_av_pcs|ch[0].inst_av_pcs_ch|inst_av_hssi_8g_tx_pcs|wys|txpmalocalclk'
Slack : 9.849
TNS   : 0.000

Type  : Fast 1100mV 0C Model Minimum Pulse Width 'inst95|inst24|gx1_2gbps_inst|A5|transceiver_core|gen.av_xcvr_native_insts[0].gen_bonded_group.av_xcvr_native_inst|inst_av_pcs|ch[0].inst_av_pcs_ch|inst_av_hssi_8g_rx_pcs|wys|rcvdclkpma'
Slack : 9.851
TNS   : 0.000

Type  : Fast 1100mV 0C Model Minimum Pulse Width 'inst93|inst24|gx1_2gbps_inst|A5|transceiver_core|gen.av_xcvr_native_insts[0].gen_bonded_group.av_xcvr_native_inst|inst_av_pcs|ch[0].inst_av_pcs_ch|inst_av_hssi_8g_rx_pcs|wys|rcvdclkpma'
Slack : 9.856
TNS   : 0.000

Type  : Fast 1100mV 0C Model Minimum Pulse Width 'ACC_main:inst|Clock_Manager:xCLOCKS|pll_block:xPLL_BLOCK|pll_block_0002:pll_block_inst|altera_pll:altera_pll_i|outclk_wire[1]'
Slack : 99.540
TNS   : 0.000

------------------------------------------------------------
